Archive member included to satisfy reference by file (symbol)

lib/orangescrt.a(printf.o)    kernel/main.o (printf)
lib/orangescrt.a(vsprintf.o)  kernel/main.o (vsprintf)
lib/orangescrt.a(string.o)    kernel/start.o (memcpy)
lib/orangescrt.a(misc.o)      kernel/main.o (send_recv)
lib/orangescrt.a(open.o)      kernel/main.o (open)
lib/orangescrt.a(read.o)      kernel/main.o (read)
lib/orangescrt.a(write.o)     kernel/main.o (write)
lib/orangescrt.a(close.o)     kernel/main.o (close)
lib/orangescrt.a(unlink.o)    kernel/main.o (unlink)
lib/orangescrt.a(lseek.o)     kernel/main.o (lseek)
lib/orangescrt.a(getpid.o)    fs/disklog.o (getpid)
lib/orangescrt.a(stat.o)      mm/exec.o (stat)
lib/orangescrt.a(fork.o)      kernel/main.o (fork)
lib/orangescrt.a(wait.o)      kernel/main.o (wait)
lib/orangescrt.a(exec.o)      kernel/main.o (execv)
lib/orangescrt.a(syscall.o)   lib/orangescrt.a(misc.o) (sendrec)

Allocating common symbols
Common symbol       size              file

filequeue           0xc8              kernel/main.o
idt_ptr             0x6               kernel/global.o
b                   0x4               kernel/main.o
x                   0x4               kernel/main.o
inode_table         0xb00             kernel/global.o
task_stack          0x24000           kernel/global.o
k_reenter           0x4               kernel/global.o
gdt                 0x400             kernel/global.o
current_console     0x4               kernel/global.o
pcaller             0x4               kernel/global.o
tty_table           0xc6c             kernel/global.o
tss                 0x68              kernel/global.o
fs_msg              0x30              kernel/global.o
memory_size         0x4               kernel/global.o
f_desc_table        0x400             kernel/global.o
root_inode          0x4               kernel/global.o
c                   0x4               kernel/main.o
disp_pos            0x4               kernel/global.o
files               0xa00             kernel/main.o
mm_msg              0x30              kernel/global.o
key_pressed         0x4               kernel/global.o
gdt_ptr             0x6               kernel/global.o
d                   0x4               kernel/main.o
idt                 0x800             kernel/global.o
super_block         0x1e0             kernel/global.o
PARTITION_ENTRY     0x10              kernel/hd.o
ticks               0x4               kernel/global.o
console_table       0x3c              kernel/global.o
userfiles           0xa00             kernel/main.o
irq_table           0x40              kernel/global.o
a                   0x4               kernel/main.o
p_proc_ready        0x4               kernel/global.o
chess               0x190             kernel/main.o
proc_table          0x3d48            kernel/global.o
passwords           0x100             kernel/main.o

Discarded input sections

 .note.GNU-stack
                0x0000000000000000        0x0 kernel/start.o
 .note.GNU-stack
                0x0000000000000000        0x0 kernel/main.o
 .note.GNU-stack
                0x0000000000000000        0x0 kernel/clock.o
 .note.GNU-stack
                0x0000000000000000        0x0 kernel/keyboard.o
 .note.GNU-stack
                0x0000000000000000        0x0 kernel/tty.o
 .note.GNU-stack
                0x0000000000000000        0x0 kernel/console.o
 .note.GNU-stack
                0x0000000000000000        0x0 kernel/i8259.o
 .note.GNU-stack
                0x0000000000000000        0x0 kernel/global.o
 .note.GNU-stack
                0x0000000000000000        0x0 kernel/protect.o
 .note.GNU-stack
                0x0000000000000000        0x0 kernel/proc.o
 .note.GNU-stack
                0x0000000000000000        0x0 kernel/systask.o
 .note.GNU-stack
                0x0000000000000000        0x0 kernel/hd.o
 .note.GNU-stack
                0x0000000000000000        0x0 kernel/klib.o
 .note.GNU-stack
                0x0000000000000000        0x0 kernel/welcome.o
 .note.GNU-stack
                0x0000000000000000        0x0 lib/syslog.o
 .note.GNU-stack
                0x0000000000000000        0x0 mm/main.o
 .note.GNU-stack
                0x0000000000000000        0x0 mm/forkexit.o
 .note.GNU-stack
                0x0000000000000000        0x0 mm/exec.o
 .note.GNU-stack
                0x0000000000000000        0x0 fs/main.o
 .note.GNU-stack
                0x0000000000000000        0x0 fs/open.o
 .note.GNU-stack
                0x0000000000000000        0x0 fs/misc.o
 .note.GNU-stack
                0x0000000000000000        0x0 fs/read_write.o
 .note.GNU-stack
                0x0000000000000000        0x0 fs/link.o
 .note.GNU-stack
                0x0000000000000000        0x0 fs/disklog.o
 .note.GNU-stack
                0x0000000000000000        0x0 lib/orangescrt.a(printf.o)
 .note.GNU-stack
                0x0000000000000000        0x0 lib/orangescrt.a(vsprintf.o)
 .note.GNU-stack
                0x0000000000000000        0x0 lib/orangescrt.a(misc.o)
 .note.GNU-stack
                0x0000000000000000        0x0 lib/orangescrt.a(open.o)
 .note.GNU-stack
                0x0000000000000000        0x0 lib/orangescrt.a(read.o)
 .note.GNU-stack
                0x0000000000000000        0x0 lib/orangescrt.a(write.o)
 .note.GNU-stack
                0x0000000000000000        0x0 lib/orangescrt.a(close.o)
 .note.GNU-stack
                0x0000000000000000        0x0 lib/orangescrt.a(unlink.o)
 .note.GNU-stack
                0x0000000000000000        0x0 lib/orangescrt.a(lseek.o)
 .note.GNU-stack
                0x0000000000000000        0x0 lib/orangescrt.a(getpid.o)
 .note.GNU-stack
                0x0000000000000000        0x0 lib/orangescrt.a(stat.o)
 .note.GNU-stack
                0x0000000000000000        0x0 lib/orangescrt.a(fork.o)
 .note.GNU-stack
                0x0000000000000000        0x0 lib/orangescrt.a(wait.o)
 .note.GNU-stack
                0x0000000000000000        0x0 lib/orangescrt.a(exec.o)

Memory Configuration

Name             Origin             Length             Attributes
*default*        0x0000000000000000 0xffffffffffffffff

Linker script and memory map

Address of section .text set to 0x1000
LOAD kernel/kernel.o
LOAD kernel/start.o
LOAD kernel/main.o
LOAD kernel/clock.o
LOAD kernel/keyboard.o
LOAD kernel/tty.o
LOAD kernel/console.o
LOAD kernel/i8259.o
LOAD kernel/global.o
LOAD kernel/protect.o
LOAD kernel/proc.o
LOAD kernel/systask.o
LOAD kernel/hd.o
LOAD kernel/kliba.o
LOAD kernel/klib.o
LOAD kernel/welcome.o
LOAD lib/syslog.o
LOAD mm/main.o
LOAD mm/forkexit.o
LOAD mm/exec.o
LOAD fs/main.o
LOAD fs/open.o
LOAD fs/misc.o
LOAD fs/read_write.o
LOAD fs/link.o
LOAD fs/disklog.o
LOAD lib/orangescrt.a
                [!provide]                        PROVIDE (__executable_start, 0x8048000)
                0x0000000008048094                . = (0x8048000 + SIZEOF_HEADERS)

.interp
 *(.interp)

.note.gnu.build-id
 *(.note.gnu.build-id)

.hash
 *(.hash)

.gnu.hash
 *(.gnu.hash)

.dynsym
 *(.dynsym)

.dynstr
 *(.dynstr)

.gnu.version
 *(.gnu.version)

.gnu.version_d
 *(.gnu.version_d)

.gnu.version_r
 *(.gnu.version_r)

.rel.dyn        0x0000000008048094        0x0
 *(.rel.init)
 *(.rel.text .rel.text.* .rel.gnu.linkonce.t.*)
 .rel.text      0x0000000008048094        0x0 kernel/kernel.o
 *(.rel.fini)
 *(.rel.rodata .rel.rodata.* .rel.gnu.linkonce.r.*)
 *(.rel.data.rel.ro .rel.data.rel.ro.* .rel.gnu.linkonce.d.rel.ro.*)
 *(.rel.data .rel.data.* .rel.gnu.linkonce.d.*)
 .rel.data      0x0000000008048094        0x0 kernel/kernel.o
 *(.rel.tdata .rel.tdata.* .rel.gnu.linkonce.td.*)
 *(.rel.tbss .rel.tbss.* .rel.gnu.linkonce.tb.*)
 *(.rel.ctors)
 *(.rel.dtors)
 *(.rel.got)
 *(.rel.bss .rel.bss.* .rel.gnu.linkonce.b.*)
 *(.rel.ifunc)

.rel.plt        0x0000000008048094        0x0
 *(.rel.plt)
                [!provide]                        PROVIDE (__rel_iplt_start, .)
 *(.rel.iplt)
 .rel.iplt      0x0000000008048094        0x0 kernel/kernel.o
                [!provide]                        PROVIDE (__rel_iplt_end, .)

.init
 *(SORT(.init))

.plt            0x00000000080480a0        0x0
 *(.plt)
 *(.iplt)
 .iplt          0x00000000080480a0        0x0 kernel/kernel.o

.plt.got
 *(.plt.got)

.text           0x0000000000001000    0x10738
 *(.text.unlikely .text.*_unlikely .text.unlikely.*)
 *(.text.exit .text.exit.*)
 *(.text.startup .text.startup.*)
 *(.text.hot .text.hot.*)
 *(.text .stub .text.* .gnu.linkonce.t.*)
 .text          0x0000000000001000      0x410 kernel/kernel.o
                0x0000000000001000                _start
                0x0000000000001040                hwint00
                0x0000000000001070                hwint01
                0x00000000000010a0                hwint02
                0x00000000000010d0                hwint03
                0x0000000000001100                hwint04
                0x0000000000001130                hwint05
                0x0000000000001160                hwint06
                0x0000000000001190                hwint07
                0x00000000000011c0                hwint08
                0x00000000000011f0                hwint09
                0x0000000000001220                hwint10
                0x0000000000001250                hwint11
                0x0000000000001280                hwint12
                0x00000000000012b0                hwint13
                0x00000000000012e0                hwint14
                0x0000000000001310                hwint15
                0x0000000000001334                divide_error
                0x000000000000133a                single_step_exception
                0x0000000000001340                nmi
                0x0000000000001346                breakpoint_exception
                0x000000000000134c                overflow
                0x0000000000001352                bounds_check
                0x0000000000001358                inval_opcode
                0x000000000000135e                copr_not_available
                0x0000000000001364                double_fault
                0x0000000000001368                copr_seg_overrun
                0x000000000000136e                inval_tss
                0x0000000000001372                segment_not_present
                0x0000000000001376                stack_exception
                0x000000000000137a                general_protection
                0x000000000000137e                page_fault
                0x0000000000001382                copr_error
                0x00000000000013cb                sys_call
                0x00000000000013eb                restart
 .text          0x0000000000001410       0x95 kernel/start.o
                0x0000000000001410                cstart
 .text          0x00000000000014a5     0x4e1d kernel/main.o
                0x00000000000014a5                kernel_main
                0x0000000000001805                get_ticks
                0x0000000000001839                untar
                0x0000000000001ae3                clear
                0x0000000000001b16                shabby_shell
                0x00000000000024eb                killpro
                0x000000000000256a                pausepro
                0x00000000000025e9                resume
                0x0000000000002668                clearArr
                0x0000000000002691                getPos
                0x00000000000026ca                len
                0x0000000000002705                vertify
                0x0000000000002732                createFilepath
                0x00000000000027d2                updateFileLogs
                0x000000000000289e                updateMyUsers
                0x000000000000297e                updateMyUsersPassword
                0x0000000000002a5e                addLog
                0x0000000000002bea                deleteLog
                0x0000000000002cf5                showhelp
                0x0000000000002e3e                initFs
                0x000000000000343f                createFile
                0x0000000000003556                readFile
                0x0000000000003618                editAppand
                0x0000000000003794                editCover
                0x0000000000003888                deleteFile
                0x0000000000003bf4                shift
                0x0000000000003cc9                addUser
                0x0000000000003e04                moveUser
                0x0000000000004036                ls
                0x000000000000416c                showProcess
                0x00000000000042e9                Init
                0x0000000000004435                TestA
                0x000000000000443a                TestB
                0x000000000000443f                TestC
                0x0000000000004444                panic
                0x000000000000448d                myIsspace
                0x00000000000044b9                My_atoi
                0x0000000000004601                playchess
                0x00000000000046f9                start
                0x0000000000005275                draw
                0x00000000000056be                AI
                0x000000000000574e                win
                0x000000000000588e                value
                0x0000000000005d53                qixing
                0x00000000000061f2                yiwei
 .text          0x00000000000062c2      0x182 kernel/clock.o
                0x00000000000062c2                clock_handler
                0x00000000000063b2                milli_delay
                0x00000000000063ec                init_clock
 .text          0x0000000000006444      0x6da kernel/keyboard.o
                0x0000000000006444                keyboard_handler
                0x00000000000064ae                init_keyboard
                0x000000000000655d                keyboard_read
 .text          0x0000000000006b1e      0xa4a kernel/tty.o
                0x0000000000006b1e                task_tty
                0x0000000000006d0f                in_process
                0x0000000000007268                sys_printx
                0x0000000000007407                dump_tty_buf
 .text          0x0000000000007568      0x824 kernel/console.o
                0x0000000000007568                init_screen
                0x00000000000076dc                out_char
                0x00000000000079cc                clear_screen
                0x0000000000007a06                is_current_console
                0x0000000000007a29                set_cursor
                0x0000000000007a91                set_video_start_addr
                0x0000000000007af9                select_console
                0x0000000000007b39                scroll_screen
                0x0000000000007d1d                flush
 .text          0x0000000000007d8c      0x130 kernel/i8259.o
                0x0000000000007d8c                init_8259A
                0x0000000000007e61                spurious_irq
                0x0000000000007e98                put_irq_handler
 .text          0x0000000000007ebc        0x0 kernel/global.o
 .text          0x0000000000007ebc      0x65f kernel/protect.o
                0x0000000000007ebc                init_prot
                0x0000000000008324                seg2linear
                0x0000000000008373                init_desc
                0x00000000000083e0                exception_handler
 .text          0x000000000000851b     0x16ca kernel/proc.o
                0x000000000000851b                schedule
                0x00000000000085ad                sys_sendrec
                0x00000000000086cd                ldt_seg_linear
                0x0000000000008717                va2la
                0x0000000000008778                reset_msg
                0x00000000000095ff                inform_int
                0x0000000000009796                dump_proc
                0x0000000000009ad8                dump_msg
 .text          0x0000000000009be5      0x2bc kernel/systask.o
                0x0000000000009be5                task_sys
 .text          0x0000000000009ea1      0xd1e kernel/hd.o
                0x0000000000009ea1                task_hd
                0x000000000000ab94                hd_handler
 *fill*         0x000000000000abbf        0x1 
 .text          0x000000000000abc0      0x19a kernel/kliba.o
                0x000000000000abc0                disp_str
                0x000000000000abfe                disp_color_str
                0x000000000000ac3d                out_byte
                0x000000000000ac49                in_byte
                0x000000000000ac53                port_read
                0x000000000000ac66                port_write
                0x000000000000ac79                disable_irq
                0x000000000000acae                enable_irq
                0x000000000000accd                disable_int
                0x000000000000accf                enable_int
                0x000000000000acd1                glitter
 .text          0x000000000000ad5a      0x2af kernel/klib.o
                0x000000000000ad5a                get_boot_params
                0x000000000000ade0                get_kernel_map
                0x000000000000aef0                itoa
                0x000000000000af9b                disp_int
                0x000000000000afc2                delay
 .text          0x000000000000b009      0x6e7 kernel/welcome.o
                0x000000000000b009                welcomeMiao
                0x000000000000b5e7                welcome
 .text          0x000000000000b6f0       0x6f lib/syslog.o
                0x000000000000b6f0                syslog
 .text          0x000000000000b75f      0x1bc mm/main.o
                0x000000000000b75f                task_mm
                0x000000000000b896                alloc_mem
                0x000000000000b911                free_mem
 .text          0x000000000000b91b      0x5c9 mm/forkexit.o
                0x000000000000b91b                do_fork
                0x000000000000bc5f                do_exit
                0x000000000000be2b                do_wait
 .text          0x000000000000bee4      0x356 mm/exec.o
                0x000000000000bee4                do_exec
 .text          0x000000000000c23a     0x1116 fs/main.o
                0x000000000000c23a                task_fs
                0x000000000000cd35                rw_sector
                0x000000000000cf58                get_super_block
                0x000000000000cf9e                get_inode
                0x000000000000d101                put_inode
                0x000000000000d13f                sync_inode
 .text          0x000000000000d350      0xa8a fs/open.o
                0x000000000000d350                do_open
                0x000000000000d7d5                do_close
                0x000000000000d850                do_lseek
 .text          0x000000000000ddda      0x3b2 fs/misc.o
                0x000000000000ddda                do_stat
                0x000000000000dfab                search_file
                0x000000000000e101                strip_path
 .text          0x000000000000e18c      0x366 fs/read_write.o
                0x000000000000e18c                do_rdwt
 .text          0x000000000000e4f2      0x713 fs/link.o
                0x000000000000e4f2                do_unlink
 .text          0x000000000000ec05     0x1f93 fs/disklog.o
                0x000000000000ec05                disklog
                0x000000000000f135                dump_fd_graph
 .text          0x0000000000010b98       0xad lib/orangescrt.a(printf.o)
                0x0000000000010b98                printf
                0x0000000000010c03                printl
 .text          0x0000000000010c45      0x305 lib/orangescrt.a(vsprintf.o)
                0x0000000000010ca3                vsprintf
                0x0000000000010f24                sprintf
 *fill*         0x0000000000010f4a        0x6 
 .text          0x0000000000010f50       0x78 lib/orangescrt.a(string.o)
                0x0000000000010f50                memcpy
                0x0000000000010f79                memset
                0x0000000000010f9a                strcpy
                0x0000000000010fb2                strlen
 .text          0x0000000000010fc8      0x256 lib/orangescrt.a(misc.o)
                0x0000000000010fc8                send_recv
                0x0000000000011082                memcmp
                0x00000000000110f8                strcmp
                0x000000000001116b                strcat
                0x00000000000111ca                spin
                0x00000000000111e5                assertion_failure
 .text          0x000000000001121e       0x63 lib/orangescrt.a(open.o)
                0x000000000001121e                open
 .text          0x0000000000011281       0x37 lib/orangescrt.a(read.o)
                0x0000000000011281                read
 .text          0x00000000000112b8       0x37 lib/orangescrt.a(write.o)
                0x00000000000112b8                write
 .text          0x00000000000112ef       0x2b lib/orangescrt.a(close.o)
                0x00000000000112ef                close
 .text          0x000000000001131a       0x3c lib/orangescrt.a(unlink.o)
                0x000000000001131a                unlink
 .text          0x0000000000011356       0x37 lib/orangescrt.a(lseek.o)
                0x0000000000011356                lseek
 .text          0x000000000001138d       0x46 lib/orangescrt.a(getpid.o)
                0x000000000001138d                getpid
 .text          0x00000000000113d3       0x63 lib/orangescrt.a(stat.o)
                0x00000000000113d3                stat
 .text          0x0000000000011436       0x66 lib/orangescrt.a(fork.o)
                0x0000000000011436                fork
 .text          0x000000000001149c       0x3c lib/orangescrt.a(wait.o)
                0x000000000001149c                wait
 .text          0x00000000000114d8      0x237 lib/orangescrt.a(exec.o)
                0x00000000000114d8                exec
                0x0000000000011543                execl
                0x0000000000011568                execv
 *fill*         0x000000000001170f        0x1 
 .text          0x0000000000011710       0x28 lib/orangescrt.a(syscall.o)
                0x0000000000011710                sendrec
                0x000000000001172a                printx
 *(.gnu.warning)

.fini
 *(SORT(.fini))
                [!provide]                        PROVIDE (__etext, .)
                [!provide]                        PROVIDE (_etext, .)
                [!provide]                        PROVIDE (etext, .)

.rodata         0x0000000000011740     0x3827
 *(.rodata .rodata.* .gnu.linkonce.r.*)
 .rodata        0x0000000000011740       0x47 kernel/start.o
 *fill*         0x0000000000011787       0x19 
 .rodata        0x00000000000117a0      0xde4 kernel/main.o
 .rodata        0x0000000000012584       0x64 kernel/keyboard.o
 .rodata        0x00000000000125e8      0x168 kernel/tty.o
 .rodata        0x0000000000012750       0x5b kernel/console.o
 .rodata        0x00000000000127ab       0x11 kernel/i8259.o
 .rodata        0x00000000000127bc       0x10 kernel/global.o
                0x00000000000127bc                FSBUF_SIZE
                0x00000000000127c0                MMBUF_SIZE
                0x00000000000127c4                LOGBUF_SIZE
                0x00000000000127c8                LOGDISKBUF_SIZE
 *fill*         0x00000000000127cc       0x14 
 .rodata        0x00000000000127e0      0x580 kernel/protect.o
 .rodata        0x0000000000012d60      0x5da kernel/proc.o
 .rodata        0x000000000001333a       0x11 kernel/systask.o
 *fill*         0x000000000001334b        0x1 
 .rodata        0x000000000001334c      0x15c kernel/hd.o
 .rodata        0x00000000000134a8       0x6a kernel/klib.o
 *fill*         0x0000000000013512        0x2 
 .rodata        0x0000000000013514      0x8ac kernel/welcome.o
 .rodata        0x0000000000013dc0       0x1e lib/syslog.o
 *fill*         0x0000000000013dde        0x2 
 .rodata        0x0000000000013de0       0xb1 mm/main.o
 *fill*         0x0000000000013e91        0x3 
 .rodata        0x0000000000013e94       0xe7 mm/forkexit.o
 *fill*         0x0000000000013f7b        0x1 
 .rodata        0x0000000000013f7c       0xa4 mm/exec.o
 .rodata        0x0000000000014020      0x2ce fs/main.o
 *fill*         0x00000000000142ee        0x2 
 .rodata        0x00000000000142f0      0x134 fs/open.o
 .rodata        0x0000000000014424       0x60 fs/misc.o
 .rodata        0x0000000000014484      0x122 fs/link.o
 *fill*         0x00000000000145a6        0x2 
 .rodata        0x00000000000145a8      0x7d6 fs/disklog.o
 .rodata        0x0000000000014d7e       0x14 lib/orangescrt.a(printf.o)
 *fill*         0x0000000000014d92        0x2 
 .rodata        0x0000000000014d94       0xad lib/orangescrt.a(misc.o)
 .rodata        0x0000000000014e41       0x23 lib/orangescrt.a(open.o)
 .rodata        0x0000000000014e64       0x25 lib/orangescrt.a(getpid.o)
 .rodata        0x0000000000014e89       0x23 lib/orangescrt.a(stat.o)
 .rodata        0x0000000000014eac       0x33 lib/orangescrt.a(fork.o)
 *fill*         0x0000000000014edf        0x1 
 .rodata        0x0000000000014ee0       0x87 lib/orangescrt.a(exec.o)

.rodata1
 *(.rodata1)

.eh_frame_hdr
 *(.eh_frame_hdr)
 *(.eh_frame_entry .eh_frame_entry.*)

.eh_frame       0x0000000000014f68     0x1790
 *(.eh_frame)
 .eh_frame      0x0000000000014f68       0x38 kernel/start.o
 .eh_frame      0x0000000000014fa0      0x5c8 kernel/main.o
                                        0x5e0 (size before relaxing)
 .eh_frame      0x0000000000015568       0x60 kernel/clock.o
                                         0x78 (size before relaxing)
 .eh_frame      0x00000000000155c8       0xe0 kernel/keyboard.o
                                         0xf8 (size before relaxing)
 .eh_frame      0x00000000000156a8      0x13c kernel/tty.o
                                        0x154 (size before relaxing)
 .eh_frame      0x00000000000157e4      0x144 kernel/console.o
                                        0x15c (size before relaxing)
 .eh_frame      0x0000000000015928       0x60 kernel/i8259.o
                                         0x78 (size before relaxing)
 .eh_frame      0x0000000000015988       0xb0 kernel/protect.o
                                         0xc8 (size before relaxing)
 .eh_frame      0x0000000000015a38      0x1b8 kernel/proc.o
                                        0x1d0 (size before relaxing)
 .eh_frame      0x0000000000015bf0       0x5c kernel/systask.o
                                         0x74 (size before relaxing)
 .eh_frame      0x0000000000015c4c      0x1c8 kernel/hd.o
                                        0x1e0 (size before relaxing)
 .eh_frame      0x0000000000015e14       0xa0 kernel/klib.o
                                         0xb8 (size before relaxing)
 .eh_frame      0x0000000000015eb4       0x40 kernel/welcome.o
                                         0x58 (size before relaxing)
 .eh_frame      0x0000000000015ef4       0x20 lib/syslog.o
                                         0x38 (size before relaxing)
 .eh_frame      0x0000000000015f14       0x7c mm/main.o
                                         0x94 (size before relaxing)
 .eh_frame      0x0000000000015f90       0x90 mm/forkexit.o
                                         0xa8 (size before relaxing)
 .eh_frame      0x0000000000016020       0x2c mm/exec.o
                                         0x44 (size before relaxing)
 .eh_frame      0x000000000001604c      0x170 fs/main.o
                                        0x188 (size before relaxing)
 .eh_frame      0x00000000000161bc      0x120 fs/open.o
                                        0x138 (size before relaxing)
 .eh_frame      0x00000000000162dc       0x68 fs/misc.o
                                         0x80 (size before relaxing)
 .eh_frame      0x0000000000016344       0x2c fs/read_write.o
                                         0x44 (size before relaxing)
 .eh_frame      0x0000000000016370       0x2c fs/link.o
                                         0x44 (size before relaxing)
 .eh_frame      0x000000000001639c       0x60 fs/disklog.o
                                         0x78 (size before relaxing)
 .eh_frame      0x00000000000163fc       0x40 lib/orangescrt.a(printf.o)
                                         0x58 (size before relaxing)
 .eh_frame      0x000000000001643c       0x60 lib/orangescrt.a(vsprintf.o)
                                         0x78 (size before relaxing)
 .eh_frame      0x000000000001649c       0xbc lib/orangescrt.a(misc.o)
                                         0xd4 (size before relaxing)
 .eh_frame      0x0000000000016558       0x20 lib/orangescrt.a(open.o)
                                         0x38 (size before relaxing)
 .eh_frame      0x0000000000016578       0x20 lib/orangescrt.a(read.o)
                                         0x38 (size before relaxing)
 .eh_frame      0x0000000000016598       0x20 lib/orangescrt.a(write.o)
                                         0x38 (size before relaxing)
 .eh_frame      0x00000000000165b8       0x20 lib/orangescrt.a(close.o)
                                         0x38 (size before relaxing)
 .eh_frame      0x00000000000165d8       0x20 lib/orangescrt.a(unlink.o)
                                         0x38 (size before relaxing)
 .eh_frame      0x00000000000165f8       0x20 lib/orangescrt.a(lseek.o)
                                         0x38 (size before relaxing)
 .eh_frame      0x0000000000016618       0x20 lib/orangescrt.a(getpid.o)
                                         0x38 (size before relaxing)
 .eh_frame      0x0000000000016638       0x20 lib/orangescrt.a(stat.o)
                                         0x38 (size before relaxing)
 .eh_frame      0x0000000000016658       0x20 lib/orangescrt.a(fork.o)
                                         0x38 (size before relaxing)
 .eh_frame      0x0000000000016678       0x20 lib/orangescrt.a(wait.o)
                                         0x38 (size before relaxing)
 .eh_frame      0x0000000000016698       0x60 lib/orangescrt.a(exec.o)
                                         0x78 (size before relaxing)
 *(.eh_frame.*)

.gcc_except_table
 *(.gcc_except_table .gcc_except_table.*)

.gnu_extab
 *(.gnu_extab*)

.exception_ranges
 *(.exception_ranges .exception_ranges*)
                0x0000000000017000                . = DATA_SEGMENT_ALIGN (0x1000, 0x1000)

.eh_frame
 *(.eh_frame)
 *(.eh_frame.*)

.gnu_extab
 *(.gnu_extab)

.gcc_except_table
 *(.gcc_except_table .gcc_except_table.*)

.exception_ranges
 *(.exception_ranges .exception_ranges*)

.tdata
 *(.tdata .tdata.* .gnu.linkonce.td.*)

.tbss
 *(.tbss .tbss.* .gnu.linkonce.tb.*)
 *(.tcommon)

.preinit_array  0x0000000000017000        0x0
                [!provide]                        PROVIDE (__preinit_array_start, .)
 *(.preinit_array)
                [!provide]                        PROVIDE (__preinit_array_end, .)

.init_array     0x0000000000017000        0x0
                [!provide]                        PROVIDE (__init_array_start, .)
 *(SORT(.init_array.*) SORT(.ctors.*))
 *(.init_array EXCLUDE_FILE(*crtend?.o *crtend.o *crtbegin?.o *crtbegin.o) .ctors)
                [!provide]                        PROVIDE (__init_array_end, .)

.fini_array     0x0000000000017000        0x0
                [!provide]                        PROVIDE (__fini_array_start, .)
 *(SORT(.fini_array.*) SORT(.dtors.*))
 *(.fini_array EXCLUDE_FILE(*crtend?.o *crtend.o *crtbegin?.o *crtbegin.o) .dtors)
                [!provide]                        PROVIDE (__fini_array_end, .)

.ctors
 *crtbegin.o(.ctors)
 *crtbegin?.o(.ctors)
 *(EXCLUDE_FILE(*crtend?.o *crtend.o) .ctors)
 *(SORT(.ctors.*))
 *(.ctors)

.dtors
 *crtbegin.o(.dtors)
 *crtbegin?.o(.dtors)
 *(EXCLUDE_FILE(*crtend?.o *crtend.o) .dtors)
 *(SORT(.dtors.*))
 *(.dtors)

.jcr
 *(.jcr)

.data.rel.ro
 *(.data.rel.ro.local* .gnu.linkonce.d.rel.ro.local.*)
 *(.data.rel.ro .data.rel.ro.* .gnu.linkonce.d.rel.ro.*)

.dynamic
 *(.dynamic)

.got
 *(.got)
 *(.igot)
                0x0000000000017000                . = DATA_SEGMENT_RELRO_END (., (SIZEOF (.got.plt) >= 0xc)?0xc:0x0)

.got.plt        0x0000000000017000        0x0
 *(.got.plt)
 *(.igot.plt)
 .igot.plt      0x0000000000017000        0x0 kernel/kernel.o

.data           0x0000000000017000      0x9b4
 *(.data .data.* .gnu.linkonce.d.*)
 .data          0x0000000000017000        0x2 kernel/kernel.o
 .data          0x0000000000017002        0x0 kernel/start.o
 *fill*         0x0000000000017002       0x1e 
 .data          0x0000000000017020      0x184 kernel/main.o
                0x0000000000017020                location
                0x00000000000170a0                users
                0x00000000000171a0                state
 .data          0x00000000000171a4        0x0 kernel/clock.o
 *fill*         0x00000000000171a4       0x1c 
 .data          0x00000000000171c0      0x600 kernel/keyboard.o
                0x00000000000171c0                keymap
 .data          0x00000000000177c0       0x22 kernel/tty.o
 .data          0x00000000000177e2        0x0 kernel/console.o
 .data          0x00000000000177e2        0x0 kernel/i8259.o
 *fill*         0x00000000000177e2       0x1e 
 .data          0x0000000000017800      0x1b4 kernel/global.o
                0x0000000000017800                task_table
                0x00000000000178e0                user_proc_table
                0x0000000000017980                sys_call_table
                0x000000000001798c                dd_map
                0x00000000000179a4                fsbuf
                0x00000000000179a8                mmbuf
                0x00000000000179ac                logbuf
                0x00000000000179b0                logdiskbuf
 .data          0x00000000000179b4        0x0 kernel/protect.o
 .data          0x00000000000179b4        0x0 kernel/proc.o
 .data          0x00000000000179b4        0x0 kernel/systask.o
 .data          0x00000000000179b4        0x0 kernel/hd.o
 .data          0x00000000000179b4        0x0 kernel/klib.o
 .data          0x00000000000179b4        0x0 kernel/welcome.o
 .data          0x00000000000179b4        0x0 lib/syslog.o
 .data          0x00000000000179b4        0x0 mm/main.o
 .data          0x00000000000179b4        0x0 mm/forkexit.o
 .data          0x00000000000179b4        0x0 mm/exec.o
 .data          0x00000000000179b4        0x0 fs/main.o
 .data          0x00000000000179b4        0x0 fs/open.o
 .data          0x00000000000179b4        0x0 fs/misc.o
 .data          0x00000000000179b4        0x0 fs/read_write.o
 .data          0x00000000000179b4        0x0 fs/link.o
 .data          0x00000000000179b4        0x0 fs/disklog.o
 .data          0x00000000000179b4        0x0 lib/orangescrt.a(printf.o)
 .data          0x00000000000179b4        0x0 lib/orangescrt.a(vsprintf.o)
 .data          0x00000000000179b4        0x0 lib/orangescrt.a(misc.o)
 .data          0x00000000000179b4        0x0 lib/orangescrt.a(open.o)
 .data          0x00000000000179b4        0x0 lib/orangescrt.a(read.o)
 .data          0x00000000000179b4        0x0 lib/orangescrt.a(write.o)
 .data          0x00000000000179b4        0x0 lib/orangescrt.a(close.o)
 .data          0x00000000000179b4        0x0 lib/orangescrt.a(unlink.o)
 .data          0x00000000000179b4        0x0 lib/orangescrt.a(lseek.o)
 .data          0x00000000000179b4        0x0 lib/orangescrt.a(getpid.o)
 .data          0x00000000000179b4        0x0 lib/orangescrt.a(stat.o)
 .data          0x00000000000179b4        0x0 lib/orangescrt.a(fork.o)
 .data          0x00000000000179b4        0x0 lib/orangescrt.a(wait.o)
 .data          0x00000000000179b4        0x0 lib/orangescrt.a(exec.o)

.data1
 *(.data1)
                0x00000000000179b4                _edata = .
                [!provide]                        PROVIDE (edata, .)
                0x00000000000179b4                . = .
                0x00000000000179b4                __bss_start = .

.bss            0x00000000000179c0    0x2d238
 *(.dynbss)
 *(.bss .bss.* .gnu.linkonce.b.*)
 .bss           0x00000000000179c0      0x800 kernel/kernel.o
 .bss           0x00000000000181c0        0x0 kernel/start.o
 .bss           0x00000000000181c0       0x9c kernel/main.o
                0x00000000000181c0                filepath
                0x0000000000018240                filecount
                0x0000000000018244                usercount
                0x0000000000018248                isEntered
                0x000000000001824c                UserState
                0x0000000000018250                leiflag
                0x0000000000018254                isStart
                0x0000000000018258                isPainting
 .bss           0x000000000001825c        0x0 kernel/clock.o
 *fill*         0x000000000001825c        0x4 
 .bss           0x0000000000018260       0x58 kernel/keyboard.o
 .bss           0x00000000000182b8        0x0 kernel/tty.o
 .bss           0x00000000000182b8        0x0 kernel/console.o
 .bss           0x00000000000182b8        0x0 kernel/i8259.o
 .bss           0x00000000000182b8        0x0 kernel/global.o
 .bss           0x00000000000182b8        0x0 kernel/protect.o
 .bss           0x00000000000182b8        0x0 kernel/proc.o
 .bss           0x00000000000182b8        0x0 kernel/systask.o
 *fill*         0x00000000000182b8        0x8 
 .bss           0x00000000000182c0      0x64c kernel/hd.o
 .bss           0x000000000001890c        0x0 kernel/klib.o
 .bss           0x000000000001890c        0x0 kernel/welcome.o
 .bss           0x000000000001890c        0x0 lib/syslog.o
 .bss           0x000000000001890c        0x0 mm/main.o
 .bss           0x000000000001890c        0x0 mm/forkexit.o
 .bss           0x000000000001890c        0x0 mm/exec.o
 .bss           0x000000000001890c        0x0 fs/main.o
 .bss           0x000000000001890c        0x0 fs/open.o
 .bss           0x000000000001890c        0x0 fs/misc.o
 .bss           0x000000000001890c        0x0 fs/read_write.o
 .bss           0x000000000001890c        0x0 fs/link.o
 *fill*         0x000000000001890c       0x14 
 .bss           0x0000000000018920      0x208 fs/disklog.o
 .bss           0x0000000000018b28        0x0 lib/orangescrt.a(printf.o)
 .bss           0x0000000000018b28        0x0 lib/orangescrt.a(vsprintf.o)
 .bss           0x0000000000018b28        0x0 lib/orangescrt.a(misc.o)
 .bss           0x0000000000018b28        0x0 lib/orangescrt.a(open.o)
 .bss           0x0000000000018b28        0x0 lib/orangescrt.a(read.o)
 .bss           0x0000000000018b28        0x0 lib/orangescrt.a(write.o)
 .bss           0x0000000000018b28        0x0 lib/orangescrt.a(close.o)
 .bss           0x0000000000018b28        0x0 lib/orangescrt.a(unlink.o)
 .bss           0x0000000000018b28        0x0 lib/orangescrt.a(lseek.o)
 .bss           0x0000000000018b28        0x0 lib/orangescrt.a(getpid.o)
 .bss           0x0000000000018b28        0x0 lib/orangescrt.a(stat.o)
 .bss           0x0000000000018b28        0x0 lib/orangescrt.a(fork.o)
 .bss           0x0000000000018b28        0x0 lib/orangescrt.a(wait.o)
 .bss           0x0000000000018b28        0x0 lib/orangescrt.a(exec.o)
 *(COMMON)
 *fill*         0x0000000000018b28       0x18 
 COMMON         0x0000000000018b40     0x17c0 kernel/main.o
                0x0000000000018b40                filequeue
                0x0000000000018c08                b
                0x0000000000018c0c                x
                0x0000000000018c10                c
                0x0000000000018c20                files
                0x0000000000019620                d
                0x0000000000019640                userfiles
                0x000000000001a040                a
                0x000000000001a060                chess
                0x000000000001a200                passwords
 COMMON         0x000000000001a300    0x2a8e8 kernel/global.o
                0x000000000001a300                idt_ptr
                0x000000000001a320                inode_table
                0x000000000001ae20                task_stack
                0x000000000003ee20                k_reenter
                0x000000000003ee40                gdt
                0x000000000003f240                current_console
                0x000000000003f244                pcaller
                0x000000000003f260                tty_table
                0x000000000003fee0                tss
                0x000000000003ff60                fs_msg
                0x000000000003ff90                memory_size
                0x000000000003ffa0                f_desc_table
                0x00000000000403a0                root_inode
                0x00000000000403a4                disp_pos
                0x00000000000403c0                mm_msg
                0x00000000000403f0                key_pressed
                0x00000000000403f4                gdt_ptr
                0x0000000000040400                idt
                0x0000000000040c00                super_block
                0x0000000000040de0                ticks
                0x0000000000040e00                console_table
                0x0000000000040e40                irq_table
                0x0000000000040e80                p_proc_ready
                0x0000000000040ea0                proc_table
 COMMON         0x0000000000044be8       0x10 kernel/hd.o
                0x0000000000044be8                PARTITION_ENTRY
                0x0000000000044bf8                . = ALIGN ((. != 0x0)?0x4:0x1)
                0x0000000000044bf8                . = ALIGN (0x4)
                0x0000000000044bf8                . = SEGMENT_START ("ldata-segment", .)
                0x0000000000044bf8                . = ALIGN (0x4)
                0x0000000000044bf8                _end = .
                [!provide]                        PROVIDE (end, .)
                0x0000000000044bf8                . = DATA_SEGMENT_END (.)

.stab
 *(.stab)

.stabstr
 *(.stabstr)

.stab.excl
 *(.stab.excl)

.stab.exclstr
 *(.stab.exclstr)

.stab.index
 *(.stab.index)

.stab.indexstr
 *(.stab.indexstr)

.comment        0x0000000000000000       0x35
 *(.comment)
 .comment       0x0000000000000000       0x35 kernel/start.o
                                         0x36 (size before relaxing)
 .comment       0x0000000000000035       0x36 kernel/main.o
 .comment       0x0000000000000035       0x36 kernel/clock.o
 .comment       0x0000000000000035       0x36 kernel/keyboard.o
 .comment       0x0000000000000035       0x36 kernel/tty.o
 .comment       0x0000000000000035       0x36 kernel/console.o
 .comment       0x0000000000000035       0x36 kernel/i8259.o
 .comment       0x0000000000000035       0x36 kernel/global.o
 .comment       0x0000000000000035       0x36 kernel/protect.o
 .comment       0x0000000000000035       0x36 kernel/proc.o
 .comment       0x0000000000000035       0x36 kernel/systask.o
 .comment       0x0000000000000035       0x36 kernel/hd.o
 .comment       0x0000000000000035       0x36 kernel/klib.o
 .comment       0x0000000000000035       0x36 kernel/welcome.o
 .comment       0x0000000000000035       0x36 lib/syslog.o
 .comment       0x0000000000000035       0x36 mm/main.o
 .comment       0x0000000000000035       0x36 mm/forkexit.o
 .comment       0x0000000000000035       0x36 mm/exec.o
 .comment       0x0000000000000035       0x36 fs/main.o
 .comment       0x0000000000000035       0x36 fs/open.o
 .comment       0x0000000000000035       0x36 fs/misc.o
 .comment       0x0000000000000035       0x36 fs/read_write.o
 .comment       0x0000000000000035       0x36 fs/link.o
 .comment       0x0000000000000035       0x36 fs/disklog.o
 .comment       0x0000000000000035       0x36 lib/orangescrt.a(printf.o)
 .comment       0x0000000000000035       0x36 lib/orangescrt.a(vsprintf.o)
 .comment       0x0000000000000035       0x36 lib/orangescrt.a(misc.o)
 .comment       0x0000000000000035       0x36 lib/orangescrt.a(open.o)
 .comment       0x0000000000000035       0x36 lib/orangescrt.a(read.o)
 .comment       0x0000000000000035       0x36 lib/orangescrt.a(write.o)
 .comment       0x0000000000000035       0x36 lib/orangescrt.a(close.o)
 .comment       0x0000000000000035       0x36 lib/orangescrt.a(unlink.o)
 .comment       0x0000000000000035       0x36 lib/orangescrt.a(lseek.o)
 .comment       0x0000000000000035       0x36 lib/orangescrt.a(getpid.o)
 .comment       0x0000000000000035       0x36 lib/orangescrt.a(stat.o)
 .comment       0x0000000000000035       0x36 lib/orangescrt.a(fork.o)
 .comment       0x0000000000000035       0x36 lib/orangescrt.a(wait.o)
 .comment       0x0000000000000035       0x36 lib/orangescrt.a(exec.o)

.debug
 *(.debug)

.line
 *(.line)

.debug_srcinfo
 *(.debug_srcinfo)

.debug_sfnames
 *(.debug_sfnames)

.debug_aranges
 *(.debug_aranges)

.debug_pubnames
 *(.debug_pubnames)

.debug_info
 *(.debug_info .gnu.linkonce.wi.*)

.debug_abbrev
 *(.debug_abbrev)

.debug_line
 *(.debug_line .debug_line.* .debug_line_end)

.debug_frame
 *(.debug_frame)

.debug_str
 *(.debug_str)

.debug_loc
 *(.debug_loc)

.debug_macinfo
 *(.debug_macinfo)

.debug_weaknames
 *(.debug_weaknames)

.debug_funcnames
 *(.debug_funcnames)

.debug_typenames
 *(.debug_typenames)

.debug_varnames
 *(.debug_varnames)

.debug_pubtypes
 *(.debug_pubtypes)

.debug_ranges
 *(.debug_ranges)

.debug_macro
 *(.debug_macro)

.gnu.attributes
 *(.gnu.attributes)

/DISCARD/
 *(.note.GNU-stack)
 *(.gnu_debuglink)
 *(.gnu.lto_*)
OUTPUT(kernel.bin elf32-i386)
