Archive member included to satisfy reference by file (symbol)

lib/orangescrt.a(printf.o)    kernel/main.o (printf)
lib/orangescrt.a(vsprintf.o)  kernel/main.o (vsprintf)
lib/orangescrt.a(string.o)    kernel/start.o (memcpy)
lib/orangescrt.a(misc.o)      kernel/main.o (send_recv)
lib/orangescrt.a(open.o)      kernel/main.o (open)
lib/orangescrt.a(read.o)      kernel/main.o (read)
lib/orangescrt.a(write.o)     kernel/main.o (write)
lib/orangescrt.a(close.o)     kernel/main.o (close)
lib/orangescrt.a(unlink.o)    kernel/main.o (unlink)
lib/orangescrt.a(lseek.o)     kernel/main.o (lseek)
lib/orangescrt.a(getpid.o)    fs/disklog.o (getpid)
lib/orangescrt.a(stat.o)      mm/exec.o (stat)
lib/orangescrt.a(fork.o)      kernel/main.o (fork)
lib/orangescrt.a(exit.o)      kernel/main.o (exit)
lib/orangescrt.a(wait.o)      kernel/main.o (wait)
lib/orangescrt.a(exec.o)      kernel/main.o (execv)
lib/orangescrt.a(syscall.o)   lib/orangescrt.a(misc.o) (sendrec)

Allocating common symbols
Common symbol       size              file

filequeue           0xc8              kernel/main.o
idt_ptr             0x6               kernel/global.o
b                   0x4               kernel/main.o
now                 0x4               kernel/main.o
outy                0x4               kernel/main.o
inode_table         0xb00             kernel/global.o
task_stack          0x24000           kernel/global.o
k_reenter           0x4               kernel/global.o
gdt                 0x400             kernel/global.o
current_console     0x4               kernel/global.o
pcaller             0x4               kernel/global.o
tty_table           0xc6c             kernel/global.o
y2                  0x4               kernel/main.o
x2                  0x4               kernel/main.o
tss                 0x68              kernel/global.o
fs_msg              0x30              kernel/global.o
memory_size         0x4               kernel/global.o
f_desc_table        0x400             kernel/global.o
outx                0x4               kernel/main.o
root_inode          0x4               kernel/global.o
c                   0x4               kernel/main.o
disp_pos            0x4               kernel/global.o
files               0xa00             kernel/main.o
mm_msg              0x30              kernel/global.o
key_pressed         0x4               kernel/global.o
gdt_ptr             0x6               kernel/global.o
d                   0x4               kernel/main.o
idt                 0x800             kernel/global.o
super_block         0x1e0             kernel/global.o
PARTITION_ENTRY     0x10              kernel/hd.o
ticks               0x4               kernel/global.o
console_table       0x3c              kernel/global.o
userfiles           0xa00             kernel/main.o
irq_table           0x40              kernel/global.o
a                   0x4               kernel/main.o
p_proc_ready        0x4               kernel/global.o
chess               0x190             kernel/main.o
proc_table          0x3d48            kernel/global.o
passwords           0x100             kernel/main.o

Discarded input sections

 .note.GNU-stack
                0x0000000000000000        0x0 kernel/start.o
 .note.GNU-stack
                0x0000000000000000        0x0 kernel/main.o
 .note.GNU-stack
                0x0000000000000000        0x0 kernel/clock.o
 .note.GNU-stack
                0x0000000000000000        0x0 kernel/keyboard.o
 .note.GNU-stack
                0x0000000000000000        0x0 kernel/tty.o
 .note.GNU-stack
                0x0000000000000000        0x0 kernel/console.o
 .note.GNU-stack
                0x0000000000000000        0x0 kernel/i8259.o
 .note.GNU-stack
                0x0000000000000000        0x0 kernel/global.o
 .note.GNU-stack
                0x0000000000000000        0x0 kernel/protect.o
 .note.GNU-stack
                0x0000000000000000        0x0 kernel/proc.o
 .note.GNU-stack
                0x0000000000000000        0x0 kernel/systask.o
 .note.GNU-stack
                0x0000000000000000        0x0 kernel/hd.o
 .note.GNU-stack
                0x0000000000000000        0x0 kernel/klib.o
 .note.GNU-stack
                0x0000000000000000        0x0 kernel/welcome.o
 .note.GNU-stack
                0x0000000000000000        0x0 lib/syslog.o
 .note.GNU-stack
                0x0000000000000000        0x0 mm/main.o
 .note.GNU-stack
                0x0000000000000000        0x0 mm/forkexit.o
 .note.GNU-stack
                0x0000000000000000        0x0 mm/exec.o
 .note.GNU-stack
                0x0000000000000000        0x0 fs/main.o
 .note.GNU-stack
                0x0000000000000000        0x0 fs/open.o
 .note.GNU-stack
                0x0000000000000000        0x0 fs/misc.o
 .note.GNU-stack
                0x0000000000000000        0x0 fs/read_write.o
 .note.GNU-stack
                0x0000000000000000        0x0 fs/link.o
 .note.GNU-stack
                0x0000000000000000        0x0 fs/disklog.o
 .note.GNU-stack
                0x0000000000000000        0x0 lib/orangescrt.a(printf.o)
 .note.GNU-stack
                0x0000000000000000        0x0 lib/orangescrt.a(vsprintf.o)
 .note.GNU-stack
                0x0000000000000000        0x0 lib/orangescrt.a(misc.o)
 .note.GNU-stack
                0x0000000000000000        0x0 lib/orangescrt.a(open.o)
 .note.GNU-stack
                0x0000000000000000        0x0 lib/orangescrt.a(read.o)
 .note.GNU-stack
                0x0000000000000000        0x0 lib/orangescrt.a(write.o)
 .note.GNU-stack
                0x0000000000000000        0x0 lib/orangescrt.a(close.o)
 .note.GNU-stack
                0x0000000000000000        0x0 lib/orangescrt.a(unlink.o)
 .note.GNU-stack
                0x0000000000000000        0x0 lib/orangescrt.a(lseek.o)
 .note.GNU-stack
                0x0000000000000000        0x0 lib/orangescrt.a(getpid.o)
 .note.GNU-stack
                0x0000000000000000        0x0 lib/orangescrt.a(stat.o)
 .note.GNU-stack
                0x0000000000000000        0x0 lib/orangescrt.a(fork.o)
 .note.GNU-stack
                0x0000000000000000        0x0 lib/orangescrt.a(exit.o)
 .note.GNU-stack
                0x0000000000000000        0x0 lib/orangescrt.a(wait.o)
 .note.GNU-stack
                0x0000000000000000        0x0 lib/orangescrt.a(exec.o)

Memory Configuration

Name             Origin             Length             Attributes
*default*        0x0000000000000000 0xffffffffffffffff

Linker script and memory map

Address of section .text set to 0x1000
LOAD kernel/kernel.o
LOAD kernel/start.o
LOAD kernel/main.o
LOAD kernel/clock.o
LOAD kernel/keyboard.o
LOAD kernel/tty.o
LOAD kernel/console.o
LOAD kernel/i8259.o
LOAD kernel/global.o
LOAD kernel/protect.o
LOAD kernel/proc.o
LOAD kernel/systask.o
LOAD kernel/hd.o
LOAD kernel/kliba.o
LOAD kernel/klib.o
LOAD kernel/welcome.o
LOAD lib/syslog.o
LOAD mm/main.o
LOAD mm/forkexit.o
LOAD mm/exec.o
LOAD fs/main.o
LOAD fs/open.o
LOAD fs/misc.o
LOAD fs/read_write.o
LOAD fs/link.o
LOAD fs/disklog.o
LOAD lib/orangescrt.a
                [!provide]                        PROVIDE (__executable_start, 0x8048000)
                0x0000000008048094                . = (0x8048000 + SIZEOF_HEADERS)

.interp
 *(.interp)

.note.gnu.build-id
 *(.note.gnu.build-id)

.hash
 *(.hash)

.gnu.hash
 *(.gnu.hash)

.dynsym
 *(.dynsym)

.dynstr
 *(.dynstr)

.gnu.version
 *(.gnu.version)

.gnu.version_d
 *(.gnu.version_d)

.gnu.version_r
 *(.gnu.version_r)

.rel.dyn        0x0000000008048094        0x0
 *(.rel.init)
 *(.rel.text .rel.text.* .rel.gnu.linkonce.t.*)
 .rel.text      0x0000000008048094        0x0 kernel/kernel.o
 *(.rel.fini)
 *(.rel.rodata .rel.rodata.* .rel.gnu.linkonce.r.*)
 *(.rel.data.rel.ro .rel.data.rel.ro.* .rel.gnu.linkonce.d.rel.ro.*)
 *(.rel.data .rel.data.* .rel.gnu.linkonce.d.*)
 .rel.data      0x0000000008048094        0x0 kernel/kernel.o
 *(.rel.tdata .rel.tdata.* .rel.gnu.linkonce.td.*)
 *(.rel.tbss .rel.tbss.* .rel.gnu.linkonce.tb.*)
 *(.rel.ctors)
 *(.rel.dtors)
 *(.rel.got)
 *(.rel.bss .rel.bss.* .rel.gnu.linkonce.b.*)
 *(.rel.ifunc)

.rel.plt        0x0000000008048094        0x0
 *(.rel.plt)
                [!provide]                        PROVIDE (__rel_iplt_start, .)
 *(.rel.iplt)
 .rel.iplt      0x0000000008048094        0x0 kernel/kernel.o
                [!provide]                        PROVIDE (__rel_iplt_end, .)

.init
 *(SORT(.init))

.plt            0x00000000080480a0        0x0
 *(.plt)
 *(.iplt)
 .iplt          0x00000000080480a0        0x0 kernel/kernel.o

.plt.got
 *(.plt.got)

.text           0x0000000000001000    0x11888
 *(.text.unlikely .text.*_unlikely .text.unlikely.*)
 *(.text.exit .text.exit.*)
 *(.text.startup .text.startup.*)
 *(.text.hot .text.hot.*)
 *(.text .stub .text.* .gnu.linkonce.t.*)
 .text          0x0000000000001000      0x410 kernel/kernel.o
                0x0000000000001000                _start
                0x0000000000001040                hwint00
                0x0000000000001070                hwint01
                0x00000000000010a0                hwint02
                0x00000000000010d0                hwint03
                0x0000000000001100                hwint04
                0x0000000000001130                hwint05
                0x0000000000001160                hwint06
                0x0000000000001190                hwint07
                0x00000000000011c0                hwint08
                0x00000000000011f0                hwint09
                0x0000000000001220                hwint10
                0x0000000000001250                hwint11
                0x0000000000001280                hwint12
                0x00000000000012b0                hwint13
                0x00000000000012e0                hwint14
                0x0000000000001310                hwint15
                0x0000000000001334                divide_error
                0x000000000000133a                single_step_exception
                0x0000000000001340                nmi
                0x0000000000001346                breakpoint_exception
                0x000000000000134c                overflow
                0x0000000000001352                bounds_check
                0x0000000000001358                inval_opcode
                0x000000000000135e                copr_not_available
                0x0000000000001364                double_fault
                0x0000000000001368                copr_seg_overrun
                0x000000000000136e                inval_tss
                0x0000000000001372                segment_not_present
                0x0000000000001376                stack_exception
                0x000000000000137a                general_protection
                0x000000000000137e                page_fault
                0x0000000000001382                copr_error
                0x00000000000013cb                sys_call
                0x00000000000013eb                restart
 .text          0x0000000000001410       0x95 kernel/start.o
                0x0000000000001410                cstart
 .text          0x00000000000014a5     0x5f17 kernel/main.o
                0x00000000000014a5                kernel_main
                0x0000000000001805                get_ticks
                0x0000000000001839                untar
                0x0000000000001ae3                clear
                0x0000000000001b16                shabby_shell
                0x000000000000253d                killpro
                0x00000000000025bc                pausepro
                0x000000000000263b                resume
                0x00000000000026ba                clearArr
                0x00000000000026e3                getPos
                0x000000000000271c                len
                0x0000000000002757                vertify
                0x0000000000002784                createFilepath
                0x0000000000002824                updateFileLogs
                0x00000000000028f0                updateMyUsers
                0x00000000000029d0                updateMyUsersPassword
                0x0000000000002ab0                addLog
                0x0000000000002c3c                deleteLog
                0x0000000000002d47                showhelp
                0x0000000000002e90                initFs
                0x0000000000003491                createFile
                0x00000000000035a8                readFile
                0x000000000000366a                editAppand
                0x00000000000037e6                editCover
                0x00000000000038da                deleteFile
                0x0000000000003c46                shift
                0x0000000000003d1b                addUser
                0x0000000000003e56                moveUser
                0x0000000000004088                ls
                0x00000000000041be                showProcess
                0x000000000000433b                Init
                0x0000000000004487                TestA
                0x000000000000448c                TestB
                0x0000000000004491                TestC
                0x0000000000004496                panic
                0x00000000000044df                showgomoku
                0x00000000000045e1                showgomokuhelp
                0x000000000000460a                who
                0x0000000000004625                whoelse
                0x0000000000004640                legal
                0x0000000000004669                judge
                0x00000000000048a0                defeat
                0x0000000000005008                find
                0x000000000000526b                place
                0x0000000000005294                clean
                0x00000000000052e2                judgeneed
                0x0000000000005392                gomoku
                0x0000000000005587                myIsspace
                0x00000000000055b3                My_atoi
                0x00000000000056fb                playchess
                0x00000000000057f3                start
                0x000000000000636f                draw
                0x00000000000067b8                AI
                0x0000000000006848                win
                0x0000000000006988                value
                0x0000000000006e4d                qixing
                0x00000000000072ec                yiwei
 .text          0x00000000000073bc      0x182 kernel/clock.o
                0x00000000000073bc                clock_handler
                0x00000000000074ac                milli_delay
                0x00000000000074e6                init_clock
 .text          0x000000000000753e      0x6da kernel/keyboard.o
                0x000000000000753e                keyboard_handler
                0x00000000000075a8                init_keyboard
                0x0000000000007657                keyboard_read
 .text          0x0000000000007c18      0xa4a kernel/tty.o
                0x0000000000007c18                task_tty
                0x0000000000007e09                in_process
                0x0000000000008362                sys_printx
                0x0000000000008501                dump_tty_buf
 .text          0x0000000000008662      0x824 kernel/console.o
                0x0000000000008662                init_screen
                0x00000000000087d6                out_char
                0x0000000000008ac6                clear_screen
                0x0000000000008b00                is_current_console
                0x0000000000008b23                set_cursor
                0x0000000000008b8b                set_video_start_addr
                0x0000000000008bf3                select_console
                0x0000000000008c33                scroll_screen
                0x0000000000008e17                flush
 .text          0x0000000000008e86      0x130 kernel/i8259.o
                0x0000000000008e86                init_8259A
                0x0000000000008f5b                spurious_irq
                0x0000000000008f92                put_irq_handler
 .text          0x0000000000008fb6        0x0 kernel/global.o
 .text          0x0000000000008fb6      0x65f kernel/protect.o
                0x0000000000008fb6                init_prot
                0x000000000000941e                seg2linear
                0x000000000000946d                init_desc
                0x00000000000094da                exception_handler
 .text          0x0000000000009615     0x16ca kernel/proc.o
                0x0000000000009615                schedule
                0x00000000000096a7                sys_sendrec
                0x00000000000097c7                ldt_seg_linear
                0x0000000000009811                va2la
                0x0000000000009872                reset_msg
                0x000000000000a6f9                inform_int
                0x000000000000a890                dump_proc
                0x000000000000abd2                dump_msg
 .text          0x000000000000acdf      0x2bc kernel/systask.o
                0x000000000000acdf                task_sys
 .text          0x000000000000af9b      0xd1e kernel/hd.o
                0x000000000000af9b                task_hd
                0x000000000000bc8e                hd_handler
 *fill*         0x000000000000bcb9        0x7 
 .text          0x000000000000bcc0      0x19a kernel/kliba.o
                0x000000000000bcc0                disp_str
                0x000000000000bcfe                disp_color_str
                0x000000000000bd3d                out_byte
                0x000000000000bd49                in_byte
                0x000000000000bd53                port_read
                0x000000000000bd66                port_write
                0x000000000000bd79                disable_irq
                0x000000000000bdae                enable_irq
                0x000000000000bdcd                disable_int
                0x000000000000bdcf                enable_int
                0x000000000000bdd1                glitter
 .text          0x000000000000be5a      0x2af kernel/klib.o
                0x000000000000be5a                get_boot_params
                0x000000000000bee0                get_kernel_map
                0x000000000000bff0                itoa
                0x000000000000c09b                disp_int
                0x000000000000c0c2                delay
 .text          0x000000000000c109      0x6e7 kernel/welcome.o
                0x000000000000c109                welcomeMiao
                0x000000000000c6e7                welcome
 .text          0x000000000000c7f0       0x6f lib/syslog.o
                0x000000000000c7f0                syslog
 .text          0x000000000000c85f      0x1bc mm/main.o
                0x000000000000c85f                task_mm
                0x000000000000c996                alloc_mem
                0x000000000000ca11                free_mem
 .text          0x000000000000ca1b      0x5c9 mm/forkexit.o
                0x000000000000ca1b                do_fork
                0x000000000000cd5f                do_exit
                0x000000000000cf2b                do_wait
 .text          0x000000000000cfe4      0x356 mm/exec.o
                0x000000000000cfe4                do_exec
 .text          0x000000000000d33a     0x1116 fs/main.o
                0x000000000000d33a                task_fs
                0x000000000000de35                rw_sector
                0x000000000000e058                get_super_block
                0x000000000000e09e                get_inode
                0x000000000000e201                put_inode
                0x000000000000e23f                sync_inode
 .text          0x000000000000e450      0xa8a fs/open.o
                0x000000000000e450                do_open
                0x000000000000e8d5                do_close
                0x000000000000e950                do_lseek
 .text          0x000000000000eeda      0x3b2 fs/misc.o
                0x000000000000eeda                do_stat
                0x000000000000f0ab                search_file
                0x000000000000f201                strip_path
 .text          0x000000000000f28c      0x366 fs/read_write.o
                0x000000000000f28c                do_rdwt
 .text          0x000000000000f5f2      0x713 fs/link.o
                0x000000000000f5f2                do_unlink
 .text          0x000000000000fd05     0x1f93 fs/disklog.o
                0x000000000000fd05                disklog
                0x0000000000010235                dump_fd_graph
 .text          0x0000000000011c98       0xad lib/orangescrt.a(printf.o)
                0x0000000000011c98                printf
                0x0000000000011d03                printl
 .text          0x0000000000011d45      0x305 lib/orangescrt.a(vsprintf.o)
                0x0000000000011da3                vsprintf
                0x0000000000012024                sprintf
 *fill*         0x000000000001204a        0x6 
 .text          0x0000000000012050       0x78 lib/orangescrt.a(string.o)
                0x0000000000012050                memcpy
                0x0000000000012079                memset
                0x000000000001209a                strcpy
                0x00000000000120b2                strlen
 .text          0x00000000000120c8      0x256 lib/orangescrt.a(misc.o)
                0x00000000000120c8                send_recv
                0x0000000000012182                memcmp
                0x00000000000121f8                strcmp
                0x000000000001226b                strcat
                0x00000000000122ca                spin
                0x00000000000122e5                assertion_failure
 .text          0x000000000001231e       0x63 lib/orangescrt.a(open.o)
                0x000000000001231e                open
 .text          0x0000000000012381       0x37 lib/orangescrt.a(read.o)
                0x0000000000012381                read
 .text          0x00000000000123b8       0x37 lib/orangescrt.a(write.o)
                0x00000000000123b8                write
 .text          0x00000000000123ef       0x2b lib/orangescrt.a(close.o)
                0x00000000000123ef                close
 .text          0x000000000001241a       0x3c lib/orangescrt.a(unlink.o)
                0x000000000001241a                unlink
 .text          0x0000000000012456       0x37 lib/orangescrt.a(lseek.o)
                0x0000000000012456                lseek
 .text          0x000000000001248d       0x46 lib/orangescrt.a(getpid.o)
                0x000000000001248d                getpid
 .text          0x00000000000124d3       0x63 lib/orangescrt.a(stat.o)
                0x00000000000124d3                stat
 .text          0x0000000000012536       0x66 lib/orangescrt.a(fork.o)
                0x0000000000012536                fork
 .text          0x000000000001259c       0x4a lib/orangescrt.a(exit.o)
                0x000000000001259c                exit
 .text          0x00000000000125e6       0x3c lib/orangescrt.a(wait.o)
                0x00000000000125e6                wait
 .text          0x0000000000012622      0x237 lib/orangescrt.a(exec.o)
                0x0000000000012622                exec
                0x000000000001268d                execl
                0x00000000000126b2                execv
 *fill*         0x0000000000012859        0x7 
 .text          0x0000000000012860       0x28 lib/orangescrt.a(syscall.o)
                0x0000000000012860                sendrec
                0x000000000001287a                printx
 *(.gnu.warning)

.fini
 *(SORT(.fini))
                [!provide]                        PROVIDE (__etext, .)
                [!provide]                        PROVIDE (_etext, .)
                [!provide]                        PROVIDE (etext, .)

.rodata         0x00000000000128a0     0x38eb
 *(.rodata .rodata.* .gnu.linkonce.r.*)
 .rodata        0x00000000000128a0       0x47 kernel/start.o
 *fill*         0x00000000000128e7       0x19 
 .rodata        0x0000000000012900      0xe90 kernel/main.o
 .rodata        0x0000000000013790       0x64 kernel/keyboard.o
 .rodata        0x00000000000137f4      0x168 kernel/tty.o
 .rodata        0x000000000001395c       0x5b kernel/console.o
 .rodata        0x00000000000139b7       0x11 kernel/i8259.o
 .rodata        0x00000000000139c8       0x10 kernel/global.o
                0x00000000000139c8                FSBUF_SIZE
                0x00000000000139cc                MMBUF_SIZE
                0x00000000000139d0                LOGBUF_SIZE
                0x00000000000139d4                LOGDISKBUF_SIZE
 *fill*         0x00000000000139d8        0x8 
 .rodata        0x00000000000139e0      0x580 kernel/protect.o
 .rodata        0x0000000000013f60      0x5da kernel/proc.o
 .rodata        0x000000000001453a       0x11 kernel/systask.o
 *fill*         0x000000000001454b        0x1 
 .rodata        0x000000000001454c      0x15c kernel/hd.o
 .rodata        0x00000000000146a8       0x6a kernel/klib.o
 *fill*         0x0000000000014712        0x2 
 .rodata        0x0000000000014714      0x8ac kernel/welcome.o
 .rodata        0x0000000000014fc0       0x1e lib/syslog.o
 *fill*         0x0000000000014fde        0x2 
 .rodata        0x0000000000014fe0       0xb1 mm/main.o
 *fill*         0x0000000000015091        0x3 
 .rodata        0x0000000000015094       0xe7 mm/forkexit.o
 *fill*         0x000000000001517b        0x1 
 .rodata        0x000000000001517c       0xa4 mm/exec.o
 .rodata        0x0000000000015220      0x2ce fs/main.o
 *fill*         0x00000000000154ee        0x2 
 .rodata        0x00000000000154f0      0x134 fs/open.o
 .rodata        0x0000000000015624       0x60 fs/misc.o
 .rodata        0x0000000000015684      0x122 fs/link.o
 *fill*         0x00000000000157a6        0x2 
 .rodata        0x00000000000157a8      0x7d6 fs/disklog.o
 .rodata        0x0000000000015f7e       0x14 lib/orangescrt.a(printf.o)
 *fill*         0x0000000000015f92        0x2 
 .rodata        0x0000000000015f94       0xad lib/orangescrt.a(misc.o)
 .rodata        0x0000000000016041       0x23 lib/orangescrt.a(open.o)
 .rodata        0x0000000000016064       0x25 lib/orangescrt.a(getpid.o)
 .rodata        0x0000000000016089       0x23 lib/orangescrt.a(stat.o)
 .rodata        0x00000000000160ac       0x33 lib/orangescrt.a(fork.o)
 .rodata        0x00000000000160df       0x23 lib/orangescrt.a(exit.o)
 *fill*         0x0000000000016102        0x2 
 .rodata        0x0000000000016104       0x87 lib/orangescrt.a(exec.o)

.rodata1
 *(.rodata1)

.eh_frame_hdr
 *(.eh_frame_hdr)
 *(.eh_frame_entry .eh_frame_entry.*)

.eh_frame       0x000000000001618c     0x194c
 *(.eh_frame)
 .eh_frame      0x000000000001618c       0x38 kernel/start.o
 .eh_frame      0x00000000000161c4      0x764 kernel/main.o
                                        0x77c (size before relaxing)
 .eh_frame      0x0000000000016928       0x60 kernel/clock.o
                                         0x78 (size before relaxing)
 .eh_frame      0x0000000000016988       0xe0 kernel/keyboard.o
                                         0xf8 (size before relaxing)
 .eh_frame      0x0000000000016a68      0x13c kernel/tty.o
                                        0x154 (size before relaxing)
 .eh_frame      0x0000000000016ba4      0x144 kernel/console.o
                                        0x15c (size before relaxing)
 .eh_frame      0x0000000000016ce8       0x60 kernel/i8259.o
                                         0x78 (size before relaxing)
 .eh_frame      0x0000000000016d48       0xb0 kernel/protect.o
                                         0xc8 (size before relaxing)
 .eh_frame      0x0000000000016df8      0x1b8 kernel/proc.o
                                        0x1d0 (size before relaxing)
 .eh_frame      0x0000000000016fb0       0x5c kernel/systask.o
                                         0x74 (size before relaxing)
 .eh_frame      0x000000000001700c      0x1c8 kernel/hd.o
                                        0x1e0 (size before relaxing)
 .eh_frame      0x00000000000171d4       0xa0 kernel/klib.o
                                         0xb8 (size before relaxing)
 .eh_frame      0x0000000000017274       0x40 kernel/welcome.o
                                         0x58 (size before relaxing)
 .eh_frame      0x00000000000172b4       0x20 lib/syslog.o
                                         0x38 (size before relaxing)
 .eh_frame      0x00000000000172d4       0x7c mm/main.o
                                         0x94 (size before relaxing)
 .eh_frame      0x0000000000017350       0x90 mm/forkexit.o
                                         0xa8 (size before relaxing)
 .eh_frame      0x00000000000173e0       0x2c mm/exec.o
                                         0x44 (size before relaxing)
 .eh_frame      0x000000000001740c      0x170 fs/main.o
                                        0x188 (size before relaxing)
 .eh_frame      0x000000000001757c      0x120 fs/open.o
                                        0x138 (size before relaxing)
 .eh_frame      0x000000000001769c       0x68 fs/misc.o
                                         0x80 (size before relaxing)
 .eh_frame      0x0000000000017704       0x2c fs/read_write.o
                                         0x44 (size before relaxing)
 .eh_frame      0x0000000000017730       0x2c fs/link.o
                                         0x44 (size before relaxing)
 .eh_frame      0x000000000001775c       0x60 fs/disklog.o
                                         0x78 (size before relaxing)
 .eh_frame      0x00000000000177bc       0x40 lib/orangescrt.a(printf.o)
                                         0x58 (size before relaxing)
 .eh_frame      0x00000000000177fc       0x60 lib/orangescrt.a(vsprintf.o)
                                         0x78 (size before relaxing)
 .eh_frame      0x000000000001785c       0xbc lib/orangescrt.a(misc.o)
                                         0xd4 (size before relaxing)
 .eh_frame      0x0000000000017918       0x20 lib/orangescrt.a(open.o)
                                         0x38 (size before relaxing)
 .eh_frame      0x0000000000017938       0x20 lib/orangescrt.a(read.o)
                                         0x38 (size before relaxing)
 .eh_frame      0x0000000000017958       0x20 lib/orangescrt.a(write.o)
                                         0x38 (size before relaxing)
 .eh_frame      0x0000000000017978       0x20 lib/orangescrt.a(close.o)
                                         0x38 (size before relaxing)
 .eh_frame      0x0000000000017998       0x20 lib/orangescrt.a(unlink.o)
                                         0x38 (size before relaxing)
 .eh_frame      0x00000000000179b8       0x20 lib/orangescrt.a(lseek.o)
                                         0x38 (size before relaxing)
 .eh_frame      0x00000000000179d8       0x20 lib/orangescrt.a(getpid.o)
                                         0x38 (size before relaxing)
 .eh_frame      0x00000000000179f8       0x20 lib/orangescrt.a(stat.o)
                                         0x38 (size before relaxing)
 .eh_frame      0x0000000000017a18       0x20 lib/orangescrt.a(fork.o)
                                         0x38 (size before relaxing)
 .eh_frame      0x0000000000017a38       0x20 lib/orangescrt.a(exit.o)
                                         0x38 (size before relaxing)
 .eh_frame      0x0000000000017a58       0x20 lib/orangescrt.a(wait.o)
                                         0x38 (size before relaxing)
 .eh_frame      0x0000000000017a78       0x60 lib/orangescrt.a(exec.o)
                                         0x78 (size before relaxing)
 *(.eh_frame.*)

.gcc_except_table
 *(.gcc_except_table .gcc_except_table.*)

.gnu_extab
 *(.gnu_extab*)

.exception_ranges
 *(.exception_ranges .exception_ranges*)
                0x0000000000018000                . = DATA_SEGMENT_ALIGN (0x1000, 0x1000)

.eh_frame
 *(.eh_frame)
 *(.eh_frame.*)

.gnu_extab
 *(.gnu_extab)

.gcc_except_table
 *(.gcc_except_table .gcc_except_table.*)

.exception_ranges
 *(.exception_ranges .exception_ranges*)

.tdata
 *(.tdata .tdata.* .gnu.linkonce.td.*)

.tbss
 *(.tbss .tbss.* .gnu.linkonce.tb.*)
 *(.tcommon)

.preinit_array  0x0000000000018000        0x0
                [!provide]                        PROVIDE (__preinit_array_start, .)
 *(.preinit_array)
                [!provide]                        PROVIDE (__preinit_array_end, .)

.init_array     0x0000000000018000        0x0
                [!provide]                        PROVIDE (__init_array_start, .)
 *(SORT(.init_array.*) SORT(.ctors.*))
 *(.init_array EXCLUDE_FILE(*crtend?.o *crtend.o *crtbegin?.o *crtbegin.o) .ctors)
                [!provide]                        PROVIDE (__init_array_end, .)

.fini_array     0x0000000000018000        0x0
                [!provide]                        PROVIDE (__fini_array_start, .)
 *(SORT(.fini_array.*) SORT(.dtors.*))
 *(.fini_array EXCLUDE_FILE(*crtend?.o *crtend.o *crtbegin?.o *crtbegin.o) .dtors)
                [!provide]                        PROVIDE (__fini_array_end, .)

.ctors
 *crtbegin.o(.ctors)
 *crtbegin?.o(.ctors)
 *(EXCLUDE_FILE(*crtend?.o *crtend.o) .ctors)
 *(SORT(.ctors.*))
 *(.ctors)

.dtors
 *crtbegin.o(.dtors)
 *crtbegin?.o(.dtors)
 *(EXCLUDE_FILE(*crtend?.o *crtend.o) .dtors)
 *(SORT(.dtors.*))
 *(.dtors)

.jcr
 *(.jcr)

.data.rel.ro
 *(.data.rel.ro.local* .gnu.linkonce.d.rel.ro.local.*)
 *(.data.rel.ro .data.rel.ro.* .gnu.linkonce.d.rel.ro.*)

.dynamic
 *(.dynamic)

.got
 *(.got)
 *(.igot)
                0x0000000000018000                . = DATA_SEGMENT_RELRO_END (., (SIZEOF (.got.plt) >= 0xc)?0xc:0x0)

.got.plt        0x0000000000018000        0x0
 *(.got.plt)
 *(.igot.plt)
 .igot.plt      0x0000000000018000        0x0 kernel/kernel.o

.data           0x0000000000018000      0x9d4
 *(.data .data.* .gnu.linkonce.d.*)
 .data          0x0000000000018000        0x2 kernel/kernel.o
 .data          0x0000000000018002        0x0 kernel/start.o
 *fill*         0x0000000000018002       0x1e 
 .data          0x0000000000018020      0x1b0 kernel/main.o
                0x0000000000018020                location
                0x00000000000180a0                users
                0x00000000000181a0                situation
                0x00000000000181c4                play
                0x00000000000181c8                oppo
                0x00000000000181cc                state
 .data          0x00000000000181d0        0x0 kernel/clock.o
 *fill*         0x00000000000181d0       0x10 
 .data          0x00000000000181e0      0x600 kernel/keyboard.o
                0x00000000000181e0                keymap
 .data          0x00000000000187e0       0x22 kernel/tty.o
 .data          0x0000000000018802        0x0 kernel/console.o
 .data          0x0000000000018802        0x0 kernel/i8259.o
 *fill*         0x0000000000018802       0x1e 
 .data          0x0000000000018820      0x1b4 kernel/global.o
                0x0000000000018820                task_table
                0x0000000000018900                user_proc_table
                0x00000000000189a0                sys_call_table
                0x00000000000189ac                dd_map
                0x00000000000189c4                fsbuf
                0x00000000000189c8                mmbuf
                0x00000000000189cc                logbuf
                0x00000000000189d0                logdiskbuf
 .data          0x00000000000189d4        0x0 kernel/protect.o
 .data          0x00000000000189d4        0x0 kernel/proc.o
 .data          0x00000000000189d4        0x0 kernel/systask.o
 .data          0x00000000000189d4        0x0 kernel/hd.o
 .data          0x00000000000189d4        0x0 kernel/klib.o
 .data          0x00000000000189d4        0x0 kernel/welcome.o
 .data          0x00000000000189d4        0x0 lib/syslog.o
 .data          0x00000000000189d4        0x0 mm/main.o
 .data          0x00000000000189d4        0x0 mm/forkexit.o
 .data          0x00000000000189d4        0x0 mm/exec.o
 .data          0x00000000000189d4        0x0 fs/main.o
 .data          0x00000000000189d4        0x0 fs/open.o
 .data          0x00000000000189d4        0x0 fs/misc.o
 .data          0x00000000000189d4        0x0 fs/read_write.o
 .data          0x00000000000189d4        0x0 fs/link.o
 .data          0x00000000000189d4        0x0 fs/disklog.o
 .data          0x00000000000189d4        0x0 lib/orangescrt.a(printf.o)
 .data          0x00000000000189d4        0x0 lib/orangescrt.a(vsprintf.o)
 .data          0x00000000000189d4        0x0 lib/orangescrt.a(misc.o)
 .data          0x00000000000189d4        0x0 lib/orangescrt.a(open.o)
 .data          0x00000000000189d4        0x0 lib/orangescrt.a(read.o)
 .data          0x00000000000189d4        0x0 lib/orangescrt.a(write.o)
 .data          0x00000000000189d4        0x0 lib/orangescrt.a(close.o)
 .data          0x00000000000189d4        0x0 lib/orangescrt.a(unlink.o)
 .data          0x00000000000189d4        0x0 lib/orangescrt.a(lseek.o)
 .data          0x00000000000189d4        0x0 lib/orangescrt.a(getpid.o)
 .data          0x00000000000189d4        0x0 lib/orangescrt.a(stat.o)
 .data          0x00000000000189d4        0x0 lib/orangescrt.a(fork.o)
 .data          0x00000000000189d4        0x0 lib/orangescrt.a(exit.o)
 .data          0x00000000000189d4        0x0 lib/orangescrt.a(wait.o)
 .data          0x00000000000189d4        0x0 lib/orangescrt.a(exec.o)

.data1
 *(.data1)
                0x00000000000189d4                _edata = .
                [!provide]                        PROVIDE (edata, .)
                0x00000000000189d4                . = .
                0x00000000000189d4                __bss_start = .

.bss            0x00000000000189e0    0x2fe38
 *(.dynbss)
 *(.bss .bss.* .gnu.linkonce.b.*)
 .bss           0x00000000000189e0      0x800 kernel/kernel.o
 .bss           0x00000000000191e0        0x0 kernel/start.o
 .bss           0x00000000000191e0     0x2c70 kernel/main.o
                0x00000000000191e0                filepath
                0x0000000000019260                filecount
                0x0000000000019264                usercount
                0x0000000000019268                isEntered
                0x000000000001926c                UserState
                0x0000000000019270                leiflag
                0x0000000000019280                board
                0x00000000000198c0                score1
                0x000000000001a540                score2
                0x000000000001b1c0                scoreall
                0x000000000001be40                x
                0x000000000001be44                y
                0x000000000001be48                isStart
                0x000000000001be4c                isPainting
 .bss           0x000000000001be50        0x0 kernel/clock.o
 *fill*         0x000000000001be50       0x10 
 .bss           0x000000000001be60       0x58 kernel/keyboard.o
 .bss           0x000000000001beb8        0x0 kernel/tty.o
 .bss           0x000000000001beb8        0x0 kernel/console.o
 .bss           0x000000000001beb8        0x0 kernel/i8259.o
 .bss           0x000000000001beb8        0x0 kernel/global.o
 .bss           0x000000000001beb8        0x0 kernel/protect.o
 .bss           0x000000000001beb8        0x0 kernel/proc.o
 .bss           0x000000000001beb8        0x0 kernel/systask.o
 *fill*         0x000000000001beb8        0x8 
 .bss           0x000000000001bec0      0x64c kernel/hd.o
 .bss           0x000000000001c50c        0x0 kernel/klib.o
 .bss           0x000000000001c50c        0x0 kernel/welcome.o
 .bss           0x000000000001c50c        0x0 lib/syslog.o
 .bss           0x000000000001c50c        0x0 mm/main.o
 .bss           0x000000000001c50c        0x0 mm/forkexit.o
 .bss           0x000000000001c50c        0x0 mm/exec.o
 .bss           0x000000000001c50c        0x0 fs/main.o
 .bss           0x000000000001c50c        0x0 fs/open.o
 .bss           0x000000000001c50c        0x0 fs/misc.o
 .bss           0x000000000001c50c        0x0 fs/read_write.o
 .bss           0x000000000001c50c        0x0 fs/link.o
 *fill*         0x000000000001c50c       0x14 
 .bss           0x000000000001c520      0x208 fs/disklog.o
 .bss           0x000000000001c728        0x0 lib/orangescrt.a(printf.o)
 .bss           0x000000000001c728        0x0 lib/orangescrt.a(vsprintf.o)
 .bss           0x000000000001c728        0x0 lib/orangescrt.a(misc.o)
 .bss           0x000000000001c728        0x0 lib/orangescrt.a(open.o)
 .bss           0x000000000001c728        0x0 lib/orangescrt.a(read.o)
 .bss           0x000000000001c728        0x0 lib/orangescrt.a(write.o)
 .bss           0x000000000001c728        0x0 lib/orangescrt.a(close.o)
 .bss           0x000000000001c728        0x0 lib/orangescrt.a(unlink.o)
 .bss           0x000000000001c728        0x0 lib/orangescrt.a(lseek.o)
 .bss           0x000000000001c728        0x0 lib/orangescrt.a(getpid.o)
 .bss           0x000000000001c728        0x0 lib/orangescrt.a(stat.o)
 .bss           0x000000000001c728        0x0 lib/orangescrt.a(fork.o)
 .bss           0x000000000001c728        0x0 lib/orangescrt.a(exit.o)
 .bss           0x000000000001c728        0x0 lib/orangescrt.a(wait.o)
 .bss           0x000000000001c728        0x0 lib/orangescrt.a(exec.o)
 *(COMMON)
 *fill*         0x000000000001c728       0x18 
 COMMON         0x000000000001c740     0x17e0 kernel/main.o
                0x000000000001c740                filequeue
                0x000000000001c808                b
                0x000000000001c80c                now
                0x000000000001c810                outy
                0x000000000001c814                y2
                0x000000000001c818                x2
                0x000000000001c81c                outx
                0x000000000001c820                c
                0x000000000001c840                files
                0x000000000001d240                d
                0x000000000001d260                userfiles
                0x000000000001dc60                a
                0x000000000001dc80                chess
                0x000000000001de20                passwords
 COMMON         0x000000000001df20    0x2a8e8 kernel/global.o
                0x000000000001df20                idt_ptr
                0x000000000001df40                inode_table
                0x000000000001ea40                task_stack
                0x0000000000042a40                k_reenter
                0x0000000000042a60                gdt
                0x0000000000042e60                current_console
                0x0000000000042e64                pcaller
                0x0000000000042e80                tty_table
                0x0000000000043b00                tss
                0x0000000000043b80                fs_msg
                0x0000000000043bb0                memory_size
                0x0000000000043bc0                f_desc_table
                0x0000000000043fc0                root_inode
                0x0000000000043fc4                disp_pos
                0x0000000000043fe0                mm_msg
                0x0000000000044010                key_pressed
                0x0000000000044014                gdt_ptr
                0x0000000000044020                idt
                0x0000000000044820                super_block
                0x0000000000044a00                ticks
                0x0000000000044a20                console_table
                0x0000000000044a60                irq_table
                0x0000000000044aa0                p_proc_ready
                0x0000000000044ac0                proc_table
 COMMON         0x0000000000048808       0x10 kernel/hd.o
                0x0000000000048808                PARTITION_ENTRY
                0x0000000000048818                . = ALIGN ((. != 0x0)?0x4:0x1)
                0x0000000000048818                . = ALIGN (0x4)
                0x0000000000048818                . = SEGMENT_START ("ldata-segment", .)
                0x0000000000048818                . = ALIGN (0x4)
                0x0000000000048818                _end = .
                [!provide]                        PROVIDE (end, .)
                0x0000000000048818                . = DATA_SEGMENT_END (.)

.stab
 *(.stab)

.stabstr
 *(.stabstr)

.stab.excl
 *(.stab.excl)

.stab.exclstr
 *(.stab.exclstr)

.stab.index
 *(.stab.index)

.stab.indexstr
 *(.stab.indexstr)

.comment        0x0000000000000000       0x35
 *(.comment)
 .comment       0x0000000000000000       0x35 kernel/start.o
                                         0x36 (size before relaxing)
 .comment       0x0000000000000035       0x36 kernel/main.o
 .comment       0x0000000000000035       0x36 kernel/clock.o
 .comment       0x0000000000000035       0x36 kernel/keyboard.o
 .comment       0x0000000000000035       0x36 kernel/tty.o
 .comment       0x0000000000000035       0x36 kernel/console.o
 .comment       0x0000000000000035       0x36 kernel/i8259.o
 .comment       0x0000000000000035       0x36 kernel/global.o
 .comment       0x0000000000000035       0x36 kernel/protect.o
 .comment       0x0000000000000035       0x36 kernel/proc.o
 .comment       0x0000000000000035       0x36 kernel/systask.o
 .comment       0x0000000000000035       0x36 kernel/hd.o
 .comment       0x0000000000000035       0x36 kernel/klib.o
 .comment       0x0000000000000035       0x36 kernel/welcome.o
 .comment       0x0000000000000035       0x36 lib/syslog.o
 .comment       0x0000000000000035       0x36 mm/main.o
 .comment       0x0000000000000035       0x36 mm/forkexit.o
 .comment       0x0000000000000035       0x36 mm/exec.o
 .comment       0x0000000000000035       0x36 fs/main.o
 .comment       0x0000000000000035       0x36 fs/open.o
 .comment       0x0000000000000035       0x36 fs/misc.o
 .comment       0x0000000000000035       0x36 fs/read_write.o
 .comment       0x0000000000000035       0x36 fs/link.o
 .comment       0x0000000000000035       0x36 fs/disklog.o
 .comment       0x0000000000000035       0x36 lib/orangescrt.a(printf.o)
 .comment       0x0000000000000035       0x36 lib/orangescrt.a(vsprintf.o)
 .comment       0x0000000000000035       0x36 lib/orangescrt.a(misc.o)
 .comment       0x0000000000000035       0x36 lib/orangescrt.a(open.o)
 .comment       0x0000000000000035       0x36 lib/orangescrt.a(read.o)
 .comment       0x0000000000000035       0x36 lib/orangescrt.a(write.o)
 .comment       0x0000000000000035       0x36 lib/orangescrt.a(close.o)
 .comment       0x0000000000000035       0x36 lib/orangescrt.a(unlink.o)
 .comment       0x0000000000000035       0x36 lib/orangescrt.a(lseek.o)
 .comment       0x0000000000000035       0x36 lib/orangescrt.a(getpid.o)
 .comment       0x0000000000000035       0x36 lib/orangescrt.a(stat.o)
 .comment       0x0000000000000035       0x36 lib/orangescrt.a(fork.o)
 .comment       0x0000000000000035       0x36 lib/orangescrt.a(exit.o)
 .comment       0x0000000000000035       0x36 lib/orangescrt.a(wait.o)
 .comment       0x0000000000000035       0x36 lib/orangescrt.a(exec.o)

.debug
 *(.debug)

.line
 *(.line)

.debug_srcinfo
 *(.debug_srcinfo)

.debug_sfnames
 *(.debug_sfnames)

.debug_aranges
 *(.debug_aranges)

.debug_pubnames
 *(.debug_pubnames)

.debug_info
 *(.debug_info .gnu.linkonce.wi.*)

.debug_abbrev
 *(.debug_abbrev)

.debug_line
 *(.debug_line .debug_line.* .debug_line_end)

.debug_frame
 *(.debug_frame)

.debug_str
 *(.debug_str)

.debug_loc
 *(.debug_loc)

.debug_macinfo
 *(.debug_macinfo)

.debug_weaknames
 *(.debug_weaknames)

.debug_funcnames
 *(.debug_funcnames)

.debug_typenames
 *(.debug_typenames)

.debug_varnames
 *(.debug_varnames)

.debug_pubtypes
 *(.debug_pubtypes)

.debug_ranges
 *(.debug_ranges)

.debug_macro
 *(.debug_macro)

.gnu.attributes
 *(.gnu.attributes)

/DISCARD/
 *(.note.GNU-stack)
 *(.gnu_debuglink)
 *(.gnu.lto_*)
OUTPUT(kernel.bin elf32-i386)
