Archive member included to satisfy reference by file (symbol)

lib/orangescrt.a(printf.o)    kernel/main.o (printf)
lib/orangescrt.a(vsprintf.o)  kernel/main.o (vsprintf)
lib/orangescrt.a(string.o)    kernel/start.o (memcpy)
lib/orangescrt.a(misc.o)      kernel/main.o (send_recv)
lib/orangescrt.a(open.o)      kernel/main.o (open)
lib/orangescrt.a(read.o)      kernel/main.o (read)
lib/orangescrt.a(write.o)     kernel/main.o (write)
lib/orangescrt.a(close.o)     kernel/main.o (close)
lib/orangescrt.a(unlink.o)    kernel/main.o (unlink)
lib/orangescrt.a(lseek.o)     kernel/main.o (lseek)
lib/orangescrt.a(getpid.o)    fs/disklog.o (getpid)
lib/orangescrt.a(stat.o)      mm/exec.o (stat)
lib/orangescrt.a(fork.o)      kernel/main.o (fork)
lib/orangescrt.a(wait.o)      kernel/main.o (wait)
lib/orangescrt.a(exec.o)      kernel/main.o (execv)
lib/orangescrt.a(syscall.o)   lib/orangescrt.a(misc.o) (sendrec)

Allocating common symbols
Common symbol       size              file

filequeue           0xc8              kernel/main.o
idt_ptr             0x6               kernel/global.o
b                   0x4               kernel/main.o
now                 0x4               kernel/main.o
outy                0x4               kernel/main.o
inode_table         0xb00             kernel/global.o
task_stack          0x24000           kernel/global.o
k_reenter           0x4               kernel/global.o
gdt                 0x400             kernel/global.o
current_console     0x4               kernel/global.o
pcaller             0x4               kernel/global.o
tty_table           0xc6c             kernel/global.o
y2                  0x4               kernel/main.o
x2                  0x4               kernel/main.o
tss                 0x68              kernel/global.o
fs_msg              0x30              kernel/global.o
memory_size         0x4               kernel/global.o
f_desc_table        0x400             kernel/global.o
outx                0x4               kernel/main.o
root_inode          0x4               kernel/global.o
c                   0x4               kernel/main.o
disp_pos            0x4               kernel/global.o
files               0xa00             kernel/main.o
mm_msg              0x30              kernel/global.o
key_pressed         0x4               kernel/global.o
gdt_ptr             0x6               kernel/global.o
d                   0x4               kernel/main.o
idt                 0x800             kernel/global.o
super_block         0x1e0             kernel/global.o
PARTITION_ENTRY     0x10              kernel/hd.o
ticks               0x4               kernel/global.o
console_table       0x3c              kernel/global.o
userfiles           0xa00             kernel/main.o
irq_table           0x40              kernel/global.o
a                   0x4               kernel/main.o
p_proc_ready        0x4               kernel/global.o
chess               0x190             kernel/main.o
proc_table          0x3d48            kernel/global.o
passwords           0x100             kernel/main.o

Discarded input sections

 .note.GNU-stack
                0x0000000000000000        0x0 kernel/start.o
 .note.GNU-stack
                0x0000000000000000        0x0 kernel/main.o
 .note.GNU-stack
                0x0000000000000000        0x0 kernel/clock.o
 .note.GNU-stack
                0x0000000000000000        0x0 kernel/keyboard.o
 .note.GNU-stack
                0x0000000000000000        0x0 kernel/tty.o
 .note.GNU-stack
                0x0000000000000000        0x0 kernel/console.o
 .note.GNU-stack
                0x0000000000000000        0x0 kernel/i8259.o
 .note.GNU-stack
                0x0000000000000000        0x0 kernel/global.o
 .note.GNU-stack
                0x0000000000000000        0x0 kernel/protect.o
 .note.GNU-stack
                0x0000000000000000        0x0 kernel/proc.o
 .note.GNU-stack
                0x0000000000000000        0x0 kernel/systask.o
 .note.GNU-stack
                0x0000000000000000        0x0 kernel/hd.o
 .note.GNU-stack
                0x0000000000000000        0x0 kernel/klib.o
 .note.GNU-stack
                0x0000000000000000        0x0 kernel/welcome.o
 .note.GNU-stack
                0x0000000000000000        0x0 lib/syslog.o
 .note.GNU-stack
                0x0000000000000000        0x0 mm/main.o
 .note.GNU-stack
                0x0000000000000000        0x0 mm/forkexit.o
 .note.GNU-stack
                0x0000000000000000        0x0 mm/exec.o
 .note.GNU-stack
                0x0000000000000000        0x0 fs/main.o
 .note.GNU-stack
                0x0000000000000000        0x0 fs/open.o
 .note.GNU-stack
                0x0000000000000000        0x0 fs/misc.o
 .note.GNU-stack
                0x0000000000000000        0x0 fs/read_write.o
 .note.GNU-stack
                0x0000000000000000        0x0 fs/link.o
 .note.GNU-stack
                0x0000000000000000        0x0 fs/disklog.o
 .note.GNU-stack
                0x0000000000000000        0x0 lib/orangescrt.a(printf.o)
 .note.GNU-stack
                0x0000000000000000        0x0 lib/orangescrt.a(vsprintf.o)
 .note.GNU-stack
                0x0000000000000000        0x0 lib/orangescrt.a(misc.o)
 .note.GNU-stack
                0x0000000000000000        0x0 lib/orangescrt.a(open.o)
 .note.GNU-stack
                0x0000000000000000        0x0 lib/orangescrt.a(read.o)
 .note.GNU-stack
                0x0000000000000000        0x0 lib/orangescrt.a(write.o)
 .note.GNU-stack
                0x0000000000000000        0x0 lib/orangescrt.a(close.o)
 .note.GNU-stack
                0x0000000000000000        0x0 lib/orangescrt.a(unlink.o)
 .note.GNU-stack
                0x0000000000000000        0x0 lib/orangescrt.a(lseek.o)
 .note.GNU-stack
                0x0000000000000000        0x0 lib/orangescrt.a(getpid.o)
 .note.GNU-stack
                0x0000000000000000        0x0 lib/orangescrt.a(stat.o)
 .note.GNU-stack
                0x0000000000000000        0x0 lib/orangescrt.a(fork.o)
 .note.GNU-stack
                0x0000000000000000        0x0 lib/orangescrt.a(wait.o)
 .note.GNU-stack
                0x0000000000000000        0x0 lib/orangescrt.a(exec.o)

Memory Configuration

Name             Origin             Length             Attributes
*default*        0x0000000000000000 0xffffffffffffffff

Linker script and memory map

Address of section .text set to 0x1000
LOAD kernel/kernel.o
LOAD kernel/start.o
LOAD kernel/main.o
LOAD kernel/clock.o
LOAD kernel/keyboard.o
LOAD kernel/tty.o
LOAD kernel/console.o
LOAD kernel/i8259.o
LOAD kernel/global.o
LOAD kernel/protect.o
LOAD kernel/proc.o
LOAD kernel/systask.o
LOAD kernel/hd.o
LOAD kernel/kliba.o
LOAD kernel/klib.o
LOAD kernel/welcome.o
LOAD lib/syslog.o
LOAD mm/main.o
LOAD mm/forkexit.o
LOAD mm/exec.o
LOAD fs/main.o
LOAD fs/open.o
LOAD fs/misc.o
LOAD fs/read_write.o
LOAD fs/link.o
LOAD fs/disklog.o
LOAD lib/orangescrt.a
                [!provide]                        PROVIDE (__executable_start, 0x8048000)
                0x0000000008048094                . = (0x8048000 + SIZEOF_HEADERS)

.interp
 *(.interp)

.note.gnu.build-id
 *(.note.gnu.build-id)

.hash
 *(.hash)

.gnu.hash
 *(.gnu.hash)

.dynsym
 *(.dynsym)

.dynstr
 *(.dynstr)

.gnu.version
 *(.gnu.version)

.gnu.version_d
 *(.gnu.version_d)

.gnu.version_r
 *(.gnu.version_r)

.rel.dyn        0x0000000008048094        0x0
 *(.rel.init)
 *(.rel.text .rel.text.* .rel.gnu.linkonce.t.*)
 .rel.text      0x0000000008048094        0x0 kernel/kernel.o
 *(.rel.fini)
 *(.rel.rodata .rel.rodata.* .rel.gnu.linkonce.r.*)
 *(.rel.data.rel.ro .rel.data.rel.ro.* .rel.gnu.linkonce.d.rel.ro.*)
 *(.rel.data .rel.data.* .rel.gnu.linkonce.d.*)
 .rel.data      0x0000000008048094        0x0 kernel/kernel.o
 *(.rel.tdata .rel.tdata.* .rel.gnu.linkonce.td.*)
 *(.rel.tbss .rel.tbss.* .rel.gnu.linkonce.tb.*)
 *(.rel.ctors)
 *(.rel.dtors)
 *(.rel.got)
 *(.rel.bss .rel.bss.* .rel.gnu.linkonce.b.*)
 *(.rel.ifunc)

.rel.plt        0x0000000008048094        0x0
 *(.rel.plt)
                [!provide]                        PROVIDE (__rel_iplt_start, .)
 *(.rel.iplt)
 .rel.iplt      0x0000000008048094        0x0 kernel/kernel.o
                [!provide]                        PROVIDE (__rel_iplt_end, .)

.init
 *(SORT(.init))

.plt            0x00000000080480a0        0x0
 *(.plt)
 *(.iplt)
 .iplt          0x00000000080480a0        0x0 kernel/kernel.o

.plt.got
 *(.plt.got)

.text           0x0000000000001000    0x11638
 *(.text.unlikely .text.*_unlikely .text.unlikely.*)
 *(.text.exit .text.exit.*)
 *(.text.startup .text.startup.*)
 *(.text.hot .text.hot.*)
 *(.text .stub .text.* .gnu.linkonce.t.*)
 .text          0x0000000000001000      0x410 kernel/kernel.o
                0x0000000000001000                _start
                0x0000000000001040                hwint00
                0x0000000000001070                hwint01
                0x00000000000010a0                hwint02
                0x00000000000010d0                hwint03
                0x0000000000001100                hwint04
                0x0000000000001130                hwint05
                0x0000000000001160                hwint06
                0x0000000000001190                hwint07
                0x00000000000011c0                hwint08
                0x00000000000011f0                hwint09
                0x0000000000001220                hwint10
                0x0000000000001250                hwint11
                0x0000000000001280                hwint12
                0x00000000000012b0                hwint13
                0x00000000000012e0                hwint14
                0x0000000000001310                hwint15
                0x0000000000001334                divide_error
                0x000000000000133a                single_step_exception
                0x0000000000001340                nmi
                0x0000000000001346                breakpoint_exception
                0x000000000000134c                overflow
                0x0000000000001352                bounds_check
                0x0000000000001358                inval_opcode
                0x000000000000135e                copr_not_available
                0x0000000000001364                double_fault
                0x0000000000001368                copr_seg_overrun
                0x000000000000136e                inval_tss
                0x0000000000001372                segment_not_present
                0x0000000000001376                stack_exception
                0x000000000000137a                general_protection
                0x000000000000137e                page_fault
                0x0000000000001382                copr_error
                0x00000000000013cb                sys_call
                0x00000000000013eb                restart
 .text          0x0000000000001410       0x95 kernel/start.o
                0x0000000000001410                cstart
 .text          0x00000000000014a5     0x5d0f kernel/main.o
                0x00000000000014a5                kernel_main
                0x0000000000001805                get_ticks
                0x0000000000001839                untar
                0x0000000000001ae3                clear
                0x0000000000001b16                shabby_shell
                0x0000000000002510                killpro
                0x000000000000258f                pausepro
                0x000000000000260e                resume
                0x000000000000268d                clearArr
                0x00000000000026b6                getPos
                0x00000000000026ef                len
                0x000000000000272a                vertify
                0x0000000000002757                createFilepath
                0x00000000000027f7                updateFileLogs
                0x00000000000028c3                updateMyUsers
                0x00000000000029a3                updateMyUsersPassword
                0x0000000000002a83                addLog
                0x0000000000002c0f                deleteLog
                0x0000000000002d1a                showhelp
                0x0000000000002e63                initFs
                0x0000000000003464                createFile
                0x000000000000357b                readFile
                0x000000000000363d                editAppand
                0x00000000000037b9                editCover
                0x00000000000038ad                deleteFile
                0x0000000000003c19                shift
                0x0000000000003cee                addUser
                0x0000000000003e29                moveUser
                0x000000000000405b                ls
                0x0000000000004191                showProcess
                0x000000000000430e                Init
                0x000000000000445a                TestA
                0x000000000000445f                TestB
                0x0000000000004464                TestC
                0x0000000000004469                panic
                0x00000000000044b2                showgomokuhelp
                0x00000000000044db                who
                0x00000000000044f6                whoelse
                0x0000000000004511                legal
                0x000000000000453a                judge
                0x0000000000004771                defeat
                0x0000000000004ed1                find
                0x0000000000005134                place
                0x000000000000517d                clean
                0x00000000000051cb                judgeneed
                0x000000000000527b                gomoku
                0x000000000000537f                myIsspace
                0x00000000000053ab                My_atoi
                0x00000000000054f3                playchess
                0x00000000000055eb                start
                0x0000000000006167                draw
                0x00000000000065b0                AI
                0x0000000000006640                win
                0x0000000000006780                value
                0x0000000000006c45                qixing
                0x00000000000070e4                yiwei
 .text          0x00000000000071b4      0x182 kernel/clock.o
                0x00000000000071b4                clock_handler
                0x00000000000072a4                milli_delay
                0x00000000000072de                init_clock
 .text          0x0000000000007336      0x6da kernel/keyboard.o
                0x0000000000007336                keyboard_handler
                0x00000000000073a0                init_keyboard
                0x000000000000744f                keyboard_read
 .text          0x0000000000007a10      0xa4a kernel/tty.o
                0x0000000000007a10                task_tty
                0x0000000000007c01                in_process
                0x000000000000815a                sys_printx
                0x00000000000082f9                dump_tty_buf
 .text          0x000000000000845a      0x824 kernel/console.o
                0x000000000000845a                init_screen
                0x00000000000085ce                out_char
                0x00000000000088be                clear_screen
                0x00000000000088f8                is_current_console
                0x000000000000891b                set_cursor
                0x0000000000008983                set_video_start_addr
                0x00000000000089eb                select_console
                0x0000000000008a2b                scroll_screen
                0x0000000000008c0f                flush
 .text          0x0000000000008c7e      0x130 kernel/i8259.o
                0x0000000000008c7e                init_8259A
                0x0000000000008d53                spurious_irq
                0x0000000000008d8a                put_irq_handler
 .text          0x0000000000008dae        0x0 kernel/global.o
 .text          0x0000000000008dae      0x65f kernel/protect.o
                0x0000000000008dae                init_prot
                0x0000000000009216                seg2linear
                0x0000000000009265                init_desc
                0x00000000000092d2                exception_handler
 .text          0x000000000000940d     0x16ca kernel/proc.o
                0x000000000000940d                schedule
                0x000000000000949f                sys_sendrec
                0x00000000000095bf                ldt_seg_linear
                0x0000000000009609                va2la
                0x000000000000966a                reset_msg
                0x000000000000a4f1                inform_int
                0x000000000000a688                dump_proc
                0x000000000000a9ca                dump_msg
 .text          0x000000000000aad7      0x2bc kernel/systask.o
                0x000000000000aad7                task_sys
 .text          0x000000000000ad93      0xd1e kernel/hd.o
                0x000000000000ad93                task_hd
                0x000000000000ba86                hd_handler
 *fill*         0x000000000000bab1        0xf 
 .text          0x000000000000bac0      0x19a kernel/kliba.o
                0x000000000000bac0                disp_str
                0x000000000000bafe                disp_color_str
                0x000000000000bb3d                out_byte
                0x000000000000bb49                in_byte
                0x000000000000bb53                port_read
                0x000000000000bb66                port_write
                0x000000000000bb79                disable_irq
                0x000000000000bbae                enable_irq
                0x000000000000bbcd                disable_int
                0x000000000000bbcf                enable_int
                0x000000000000bbd1                glitter
 .text          0x000000000000bc5a      0x2af kernel/klib.o
                0x000000000000bc5a                get_boot_params
                0x000000000000bce0                get_kernel_map
                0x000000000000bdf0                itoa
                0x000000000000be9b                disp_int
                0x000000000000bec2                delay
 .text          0x000000000000bf09      0x6e7 kernel/welcome.o
                0x000000000000bf09                welcomeMiao
                0x000000000000c4e7                welcome
 .text          0x000000000000c5f0       0x6f lib/syslog.o
                0x000000000000c5f0                syslog
 .text          0x000000000000c65f      0x1bc mm/main.o
                0x000000000000c65f                task_mm
                0x000000000000c796                alloc_mem
                0x000000000000c811                free_mem
 .text          0x000000000000c81b      0x5c9 mm/forkexit.o
                0x000000000000c81b                do_fork
                0x000000000000cb5f                do_exit
                0x000000000000cd2b                do_wait
 .text          0x000000000000cde4      0x356 mm/exec.o
                0x000000000000cde4                do_exec
 .text          0x000000000000d13a     0x1116 fs/main.o
                0x000000000000d13a                task_fs
                0x000000000000dc35                rw_sector
                0x000000000000de58                get_super_block
                0x000000000000de9e                get_inode
                0x000000000000e001                put_inode
                0x000000000000e03f                sync_inode
 .text          0x000000000000e250      0xa8a fs/open.o
                0x000000000000e250                do_open
                0x000000000000e6d5                do_close
                0x000000000000e750                do_lseek
 .text          0x000000000000ecda      0x3b2 fs/misc.o
                0x000000000000ecda                do_stat
                0x000000000000eeab                search_file
                0x000000000000f001                strip_path
 .text          0x000000000000f08c      0x366 fs/read_write.o
                0x000000000000f08c                do_rdwt
 .text          0x000000000000f3f2      0x713 fs/link.o
                0x000000000000f3f2                do_unlink
 .text          0x000000000000fb05     0x1f93 fs/disklog.o
                0x000000000000fb05                disklog
                0x0000000000010035                dump_fd_graph
 .text          0x0000000000011a98       0xad lib/orangescrt.a(printf.o)
                0x0000000000011a98                printf
                0x0000000000011b03                printl
 .text          0x0000000000011b45      0x305 lib/orangescrt.a(vsprintf.o)
                0x0000000000011ba3                vsprintf
                0x0000000000011e24                sprintf
 *fill*         0x0000000000011e4a        0x6 
 .text          0x0000000000011e50       0x78 lib/orangescrt.a(string.o)
                0x0000000000011e50                memcpy
                0x0000000000011e79                memset
                0x0000000000011e9a                strcpy
                0x0000000000011eb2                strlen
 .text          0x0000000000011ec8      0x256 lib/orangescrt.a(misc.o)
                0x0000000000011ec8                send_recv
                0x0000000000011f82                memcmp
                0x0000000000011ff8                strcmp
                0x000000000001206b                strcat
                0x00000000000120ca                spin
                0x00000000000120e5                assertion_failure
 .text          0x000000000001211e       0x63 lib/orangescrt.a(open.o)
                0x000000000001211e                open
 .text          0x0000000000012181       0x37 lib/orangescrt.a(read.o)
                0x0000000000012181                read
 .text          0x00000000000121b8       0x37 lib/orangescrt.a(write.o)
                0x00000000000121b8                write
 .text          0x00000000000121ef       0x2b lib/orangescrt.a(close.o)
                0x00000000000121ef                close
 .text          0x000000000001221a       0x3c lib/orangescrt.a(unlink.o)
                0x000000000001221a                unlink
 .text          0x0000000000012256       0x37 lib/orangescrt.a(lseek.o)
                0x0000000000012256                lseek
 .text          0x000000000001228d       0x46 lib/orangescrt.a(getpid.o)
                0x000000000001228d                getpid
 .text          0x00000000000122d3       0x63 lib/orangescrt.a(stat.o)
                0x00000000000122d3                stat
 .text          0x0000000000012336       0x66 lib/orangescrt.a(fork.o)
                0x0000000000012336                fork
 .text          0x000000000001239c       0x3c lib/orangescrt.a(wait.o)
                0x000000000001239c                wait
 .text          0x00000000000123d8      0x237 lib/orangescrt.a(exec.o)
                0x00000000000123d8                exec
                0x0000000000012443                execl
                0x0000000000012468                execv
 *fill*         0x000000000001260f        0x1 
 .text          0x0000000000012610       0x28 lib/orangescrt.a(syscall.o)
                0x0000000000012610                sendrec
                0x000000000001262a                printx
 *(.gnu.warning)

.fini
 *(SORT(.fini))
                [!provide]                        PROVIDE (__etext, .)
                [!provide]                        PROVIDE (_etext, .)
                [!provide]                        PROVIDE (etext, .)

.rodata         0x0000000000012640     0x3867
 *(.rodata .rodata.* .gnu.linkonce.r.*)
 .rodata        0x0000000000012640       0x47 kernel/start.o
 *fill*         0x0000000000012687       0x19 
 .rodata        0x00000000000126a0      0xe30 kernel/main.o
 .rodata        0x00000000000134d0       0x64 kernel/keyboard.o
 .rodata        0x0000000000013534      0x168 kernel/tty.o
 .rodata        0x000000000001369c       0x5b kernel/console.o
 .rodata        0x00000000000136f7       0x11 kernel/i8259.o
 .rodata        0x0000000000013708       0x10 kernel/global.o
                0x0000000000013708                FSBUF_SIZE
                0x000000000001370c                MMBUF_SIZE
                0x0000000000013710                LOGBUF_SIZE
                0x0000000000013714                LOGDISKBUF_SIZE
 *fill*         0x0000000000013718        0x8 
 .rodata        0x0000000000013720      0x580 kernel/protect.o
 .rodata        0x0000000000013ca0      0x5da kernel/proc.o
 .rodata        0x000000000001427a       0x11 kernel/systask.o
 *fill*         0x000000000001428b        0x1 
 .rodata        0x000000000001428c      0x15c kernel/hd.o
 .rodata        0x00000000000143e8       0x6a kernel/klib.o
 *fill*         0x0000000000014452        0x2 
 .rodata        0x0000000000014454      0x8ac kernel/welcome.o
 .rodata        0x0000000000014d00       0x1e lib/syslog.o
 *fill*         0x0000000000014d1e        0x2 
 .rodata        0x0000000000014d20       0xb1 mm/main.o
 *fill*         0x0000000000014dd1        0x3 
 .rodata        0x0000000000014dd4       0xe7 mm/forkexit.o
 *fill*         0x0000000000014ebb        0x1 
 .rodata        0x0000000000014ebc       0xa4 mm/exec.o
 .rodata        0x0000000000014f60      0x2ce fs/main.o
 *fill*         0x000000000001522e        0x2 
 .rodata        0x0000000000015230      0x134 fs/open.o
 .rodata        0x0000000000015364       0x60 fs/misc.o
 .rodata        0x00000000000153c4      0x122 fs/link.o
 *fill*         0x00000000000154e6        0x2 
 .rodata        0x00000000000154e8      0x7d6 fs/disklog.o
 .rodata        0x0000000000015cbe       0x14 lib/orangescrt.a(printf.o)
 *fill*         0x0000000000015cd2        0x2 
 .rodata        0x0000000000015cd4       0xad lib/orangescrt.a(misc.o)
 .rodata        0x0000000000015d81       0x23 lib/orangescrt.a(open.o)
 .rodata        0x0000000000015da4       0x25 lib/orangescrt.a(getpid.o)
 .rodata        0x0000000000015dc9       0x23 lib/orangescrt.a(stat.o)
 .rodata        0x0000000000015dec       0x33 lib/orangescrt.a(fork.o)
 *fill*         0x0000000000015e1f        0x1 
 .rodata        0x0000000000015e20       0x87 lib/orangescrt.a(exec.o)

.rodata1
 *(.rodata1)

.eh_frame_hdr
 *(.eh_frame_hdr)
 *(.eh_frame_entry .eh_frame_entry.*)

.eh_frame       0x0000000000015ea8     0x1900
 *(.eh_frame)
 .eh_frame      0x0000000000015ea8       0x38 kernel/start.o
 .eh_frame      0x0000000000015ee0      0x738 kernel/main.o
                                        0x750 (size before relaxing)
 .eh_frame      0x0000000000016618       0x60 kernel/clock.o
                                         0x78 (size before relaxing)
 .eh_frame      0x0000000000016678       0xe0 kernel/keyboard.o
                                         0xf8 (size before relaxing)
 .eh_frame      0x0000000000016758      0x13c kernel/tty.o
                                        0x154 (size before relaxing)
 .eh_frame      0x0000000000016894      0x144 kernel/console.o
                                        0x15c (size before relaxing)
 .eh_frame      0x00000000000169d8       0x60 kernel/i8259.o
                                         0x78 (size before relaxing)
 .eh_frame      0x0000000000016a38       0xb0 kernel/protect.o
                                         0xc8 (size before relaxing)
 .eh_frame      0x0000000000016ae8      0x1b8 kernel/proc.o
                                        0x1d0 (size before relaxing)
 .eh_frame      0x0000000000016ca0       0x5c kernel/systask.o
                                         0x74 (size before relaxing)
 .eh_frame      0x0000000000016cfc      0x1c8 kernel/hd.o
                                        0x1e0 (size before relaxing)
 .eh_frame      0x0000000000016ec4       0xa0 kernel/klib.o
                                         0xb8 (size before relaxing)
 .eh_frame      0x0000000000016f64       0x40 kernel/welcome.o
                                         0x58 (size before relaxing)
 .eh_frame      0x0000000000016fa4       0x20 lib/syslog.o
                                         0x38 (size before relaxing)
 .eh_frame      0x0000000000016fc4       0x7c mm/main.o
                                         0x94 (size before relaxing)
 .eh_frame      0x0000000000017040       0x90 mm/forkexit.o
                                         0xa8 (size before relaxing)
 .eh_frame      0x00000000000170d0       0x2c mm/exec.o
                                         0x44 (size before relaxing)
 .eh_frame      0x00000000000170fc      0x170 fs/main.o
                                        0x188 (size before relaxing)
 .eh_frame      0x000000000001726c      0x120 fs/open.o
                                        0x138 (size before relaxing)
 .eh_frame      0x000000000001738c       0x68 fs/misc.o
                                         0x80 (size before relaxing)
 .eh_frame      0x00000000000173f4       0x2c fs/read_write.o
                                         0x44 (size before relaxing)
 .eh_frame      0x0000000000017420       0x2c fs/link.o
                                         0x44 (size before relaxing)
 .eh_frame      0x000000000001744c       0x60 fs/disklog.o
                                         0x78 (size before relaxing)
 .eh_frame      0x00000000000174ac       0x40 lib/orangescrt.a(printf.o)
                                         0x58 (size before relaxing)
 .eh_frame      0x00000000000174ec       0x60 lib/orangescrt.a(vsprintf.o)
                                         0x78 (size before relaxing)
 .eh_frame      0x000000000001754c       0xbc lib/orangescrt.a(misc.o)
                                         0xd4 (size before relaxing)
 .eh_frame      0x0000000000017608       0x20 lib/orangescrt.a(open.o)
                                         0x38 (size before relaxing)
 .eh_frame      0x0000000000017628       0x20 lib/orangescrt.a(read.o)
                                         0x38 (size before relaxing)
 .eh_frame      0x0000000000017648       0x20 lib/orangescrt.a(write.o)
                                         0x38 (size before relaxing)
 .eh_frame      0x0000000000017668       0x20 lib/orangescrt.a(close.o)
                                         0x38 (size before relaxing)
 .eh_frame      0x0000000000017688       0x20 lib/orangescrt.a(unlink.o)
                                         0x38 (size before relaxing)
 .eh_frame      0x00000000000176a8       0x20 lib/orangescrt.a(lseek.o)
                                         0x38 (size before relaxing)
 .eh_frame      0x00000000000176c8       0x20 lib/orangescrt.a(getpid.o)
                                         0x38 (size before relaxing)
 .eh_frame      0x00000000000176e8       0x20 lib/orangescrt.a(stat.o)
                                         0x38 (size before relaxing)
 .eh_frame      0x0000000000017708       0x20 lib/orangescrt.a(fork.o)
                                         0x38 (size before relaxing)
 .eh_frame      0x0000000000017728       0x20 lib/orangescrt.a(wait.o)
                                         0x38 (size before relaxing)
 .eh_frame      0x0000000000017748       0x60 lib/orangescrt.a(exec.o)
                                         0x78 (size before relaxing)
 *(.eh_frame.*)

.gcc_except_table
 *(.gcc_except_table .gcc_except_table.*)

.gnu_extab
 *(.gnu_extab*)

.exception_ranges
 *(.exception_ranges .exception_ranges*)
                0x00000000000187a8                . = DATA_SEGMENT_ALIGN (0x1000, 0x1000)

.eh_frame
 *(.eh_frame)
 *(.eh_frame.*)

.gnu_extab
 *(.gnu_extab)

.gcc_except_table
 *(.gcc_except_table .gcc_except_table.*)

.exception_ranges
 *(.exception_ranges .exception_ranges*)

.tdata
 *(.tdata .tdata.* .gnu.linkonce.td.*)

.tbss
 *(.tbss .tbss.* .gnu.linkonce.tb.*)
 *(.tcommon)

.preinit_array  0x00000000000187a8        0x0
                [!provide]                        PROVIDE (__preinit_array_start, .)
 *(.preinit_array)
                [!provide]                        PROVIDE (__preinit_array_end, .)

.init_array     0x00000000000187a8        0x0
                [!provide]                        PROVIDE (__init_array_start, .)
 *(SORT(.init_array.*) SORT(.ctors.*))
 *(.init_array EXCLUDE_FILE(*crtend?.o *crtend.o *crtbegin?.o *crtbegin.o) .ctors)
                [!provide]                        PROVIDE (__init_array_end, .)

.fini_array     0x00000000000187a8        0x0
                [!provide]                        PROVIDE (__fini_array_start, .)
 *(SORT(.fini_array.*) SORT(.dtors.*))
 *(.fini_array EXCLUDE_FILE(*crtend?.o *crtend.o *crtbegin?.o *crtbegin.o) .dtors)
                [!provide]                        PROVIDE (__fini_array_end, .)

.ctors
 *crtbegin.o(.ctors)
 *crtbegin?.o(.ctors)
 *(EXCLUDE_FILE(*crtend?.o *crtend.o) .ctors)
 *(SORT(.ctors.*))
 *(.ctors)

.dtors
 *crtbegin.o(.dtors)
 *crtbegin?.o(.dtors)
 *(EXCLUDE_FILE(*crtend?.o *crtend.o) .dtors)
 *(SORT(.dtors.*))
 *(.dtors)

.jcr
 *(.jcr)

.data.rel.ro
 *(.data.rel.ro.local* .gnu.linkonce.d.rel.ro.local.*)
 *(.data.rel.ro .data.rel.ro.* .gnu.linkonce.d.rel.ro.*)

.dynamic
 *(.dynamic)

.got
 *(.got)
 *(.igot)
                0x00000000000187a8                . = DATA_SEGMENT_RELRO_END (., (SIZEOF (.got.plt) >= 0xc)?0xc:0x0)

.got.plt        0x00000000000187a8        0x0
 *(.got.plt)
 *(.igot.plt)
 .igot.plt      0x00000000000187a8        0x0 kernel/kernel.o

.data           0x00000000000187c0      0x9d4
 *(.data .data.* .gnu.linkonce.d.*)
 .data          0x00000000000187c0        0x2 kernel/kernel.o
 .data          0x00000000000187c2        0x0 kernel/start.o
 *fill*         0x00000000000187c2       0x1e 
 .data          0x00000000000187e0      0x1b0 kernel/main.o
                0x00000000000187e0                location
                0x0000000000018860                users
                0x0000000000018960                situation
                0x0000000000018984                play
                0x0000000000018988                oppo
                0x000000000001898c                state
 .data          0x0000000000018990        0x0 kernel/clock.o
 *fill*         0x0000000000018990       0x10 
 .data          0x00000000000189a0      0x600 kernel/keyboard.o
                0x00000000000189a0                keymap
 .data          0x0000000000018fa0       0x22 kernel/tty.o
 .data          0x0000000000018fc2        0x0 kernel/console.o
 .data          0x0000000000018fc2        0x0 kernel/i8259.o
 *fill*         0x0000000000018fc2       0x1e 
 .data          0x0000000000018fe0      0x1b4 kernel/global.o
                0x0000000000018fe0                task_table
                0x00000000000190c0                user_proc_table
                0x0000000000019160                sys_call_table
                0x000000000001916c                dd_map
                0x0000000000019184                fsbuf
                0x0000000000019188                mmbuf
                0x000000000001918c                logbuf
                0x0000000000019190                logdiskbuf
 .data          0x0000000000019194        0x0 kernel/protect.o
 .data          0x0000000000019194        0x0 kernel/proc.o
 .data          0x0000000000019194        0x0 kernel/systask.o
 .data          0x0000000000019194        0x0 kernel/hd.o
 .data          0x0000000000019194        0x0 kernel/klib.o
 .data          0x0000000000019194        0x0 kernel/welcome.o
 .data          0x0000000000019194        0x0 lib/syslog.o
 .data          0x0000000000019194        0x0 mm/main.o
 .data          0x0000000000019194        0x0 mm/forkexit.o
 .data          0x0000000000019194        0x0 mm/exec.o
 .data          0x0000000000019194        0x0 fs/main.o
 .data          0x0000000000019194        0x0 fs/open.o
 .data          0x0000000000019194        0x0 fs/misc.o
 .data          0x0000000000019194        0x0 fs/read_write.o
 .data          0x0000000000019194        0x0 fs/link.o
 .data          0x0000000000019194        0x0 fs/disklog.o
 .data          0x0000000000019194        0x0 lib/orangescrt.a(printf.o)
 .data          0x0000000000019194        0x0 lib/orangescrt.a(vsprintf.o)
 .data          0x0000000000019194        0x0 lib/orangescrt.a(misc.o)
 .data          0x0000000000019194        0x0 lib/orangescrt.a(open.o)
 .data          0x0000000000019194        0x0 lib/orangescrt.a(read.o)
 .data          0x0000000000019194        0x0 lib/orangescrt.a(write.o)
 .data          0x0000000000019194        0x0 lib/orangescrt.a(close.o)
 .data          0x0000000000019194        0x0 lib/orangescrt.a(unlink.o)
 .data          0x0000000000019194        0x0 lib/orangescrt.a(lseek.o)
 .data          0x0000000000019194        0x0 lib/orangescrt.a(getpid.o)
 .data          0x0000000000019194        0x0 lib/orangescrt.a(stat.o)
 .data          0x0000000000019194        0x0 lib/orangescrt.a(fork.o)
 .data          0x0000000000019194        0x0 lib/orangescrt.a(wait.o)
 .data          0x0000000000019194        0x0 lib/orangescrt.a(exec.o)

.data1
 *(.data1)
                0x0000000000019194                _edata = .
                [!provide]                        PROVIDE (edata, .)
                0x0000000000019194                . = .
                0x0000000000019194                __bss_start = .

.bss            0x00000000000191a0    0x2fe38
 *(.dynbss)
 *(.bss .bss.* .gnu.linkonce.b.*)
 .bss           0x00000000000191a0      0x800 kernel/kernel.o
 .bss           0x00000000000199a0        0x0 kernel/start.o
 .bss           0x00000000000199a0     0x2c70 kernel/main.o
                0x00000000000199a0                filepath
                0x0000000000019a20                filecount
                0x0000000000019a24                usercount
                0x0000000000019a28                isEntered
                0x0000000000019a2c                UserState
                0x0000000000019a30                leiflag
                0x0000000000019a40                board
                0x000000000001a080                score1
                0x000000000001ad00                score2
                0x000000000001b980                scoreall
                0x000000000001c600                x
                0x000000000001c604                y
                0x000000000001c608                isStart
                0x000000000001c60c                isPainting
 .bss           0x000000000001c610        0x0 kernel/clock.o
 *fill*         0x000000000001c610       0x10 
 .bss           0x000000000001c620       0x58 kernel/keyboard.o
 .bss           0x000000000001c678        0x0 kernel/tty.o
 .bss           0x000000000001c678        0x0 kernel/console.o
 .bss           0x000000000001c678        0x0 kernel/i8259.o
 .bss           0x000000000001c678        0x0 kernel/global.o
 .bss           0x000000000001c678        0x0 kernel/protect.o
 .bss           0x000000000001c678        0x0 kernel/proc.o
 .bss           0x000000000001c678        0x0 kernel/systask.o
 *fill*         0x000000000001c678        0x8 
 .bss           0x000000000001c680      0x64c kernel/hd.o
 .bss           0x000000000001cccc        0x0 kernel/klib.o
 .bss           0x000000000001cccc        0x0 kernel/welcome.o
 .bss           0x000000000001cccc        0x0 lib/syslog.o
 .bss           0x000000000001cccc        0x0 mm/main.o
 .bss           0x000000000001cccc        0x0 mm/forkexit.o
 .bss           0x000000000001cccc        0x0 mm/exec.o
 .bss           0x000000000001cccc        0x0 fs/main.o
 .bss           0x000000000001cccc        0x0 fs/open.o
 .bss           0x000000000001cccc        0x0 fs/misc.o
 .bss           0x000000000001cccc        0x0 fs/read_write.o
 .bss           0x000000000001cccc        0x0 fs/link.o
 *fill*         0x000000000001cccc       0x14 
 .bss           0x000000000001cce0      0x208 fs/disklog.o
 .bss           0x000000000001cee8        0x0 lib/orangescrt.a(printf.o)
 .bss           0x000000000001cee8        0x0 lib/orangescrt.a(vsprintf.o)
 .bss           0x000000000001cee8        0x0 lib/orangescrt.a(misc.o)
 .bss           0x000000000001cee8        0x0 lib/orangescrt.a(open.o)
 .bss           0x000000000001cee8        0x0 lib/orangescrt.a(read.o)
 .bss           0x000000000001cee8        0x0 lib/orangescrt.a(write.o)
 .bss           0x000000000001cee8        0x0 lib/orangescrt.a(close.o)
 .bss           0x000000000001cee8        0x0 lib/orangescrt.a(unlink.o)
 .bss           0x000000000001cee8        0x0 lib/orangescrt.a(lseek.o)
 .bss           0x000000000001cee8        0x0 lib/orangescrt.a(getpid.o)
 .bss           0x000000000001cee8        0x0 lib/orangescrt.a(stat.o)
 .bss           0x000000000001cee8        0x0 lib/orangescrt.a(fork.o)
 .bss           0x000000000001cee8        0x0 lib/orangescrt.a(wait.o)
 .bss           0x000000000001cee8        0x0 lib/orangescrt.a(exec.o)
 *(COMMON)
 *fill*         0x000000000001cee8       0x18 
 COMMON         0x000000000001cf00     0x17e0 kernel/main.o
                0x000000000001cf00                filequeue
                0x000000000001cfc8                b
                0x000000000001cfcc                now
                0x000000000001cfd0                outy
                0x000000000001cfd4                y2
                0x000000000001cfd8                x2
                0x000000000001cfdc                outx
                0x000000000001cfe0                c
                0x000000000001d000                files
                0x000000000001da00                d
                0x000000000001da20                userfiles
                0x000000000001e420                a
                0x000000000001e440                chess
                0x000000000001e5e0                passwords
 COMMON         0x000000000001e6e0    0x2a8e8 kernel/global.o
                0x000000000001e6e0                idt_ptr
                0x000000000001e700                inode_table
                0x000000000001f200                task_stack
                0x0000000000043200                k_reenter
                0x0000000000043220                gdt
                0x0000000000043620                current_console
                0x0000000000043624                pcaller
                0x0000000000043640                tty_table
                0x00000000000442c0                tss
                0x0000000000044340                fs_msg
                0x0000000000044370                memory_size
                0x0000000000044380                f_desc_table
                0x0000000000044780                root_inode
                0x0000000000044784                disp_pos
                0x00000000000447a0                mm_msg
                0x00000000000447d0                key_pressed
                0x00000000000447d4                gdt_ptr
                0x00000000000447e0                idt
                0x0000000000044fe0                super_block
                0x00000000000451c0                ticks
                0x00000000000451e0                console_table
                0x0000000000045220                irq_table
                0x0000000000045260                p_proc_ready
                0x0000000000045280                proc_table
 COMMON         0x0000000000048fc8       0x10 kernel/hd.o
                0x0000000000048fc8                PARTITION_ENTRY
                0x0000000000048fd8                . = ALIGN ((. != 0x0)?0x4:0x1)
                0x0000000000048fd8                . = ALIGN (0x4)
                0x0000000000048fd8                . = SEGMENT_START ("ldata-segment", .)
                0x0000000000048fd8                . = ALIGN (0x4)
                0x0000000000048fd8                _end = .
                [!provide]                        PROVIDE (end, .)
                0x0000000000048fd8                . = DATA_SEGMENT_END (.)

.stab
 *(.stab)

.stabstr
 *(.stabstr)

.stab.excl
 *(.stab.excl)

.stab.exclstr
 *(.stab.exclstr)

.stab.index
 *(.stab.index)

.stab.indexstr
 *(.stab.indexstr)

.comment        0x0000000000000000       0x35
 *(.comment)
 .comment       0x0000000000000000       0x35 kernel/start.o
                                         0x36 (size before relaxing)
 .comment       0x0000000000000035       0x36 kernel/main.o
 .comment       0x0000000000000035       0x36 kernel/clock.o
 .comment       0x0000000000000035       0x36 kernel/keyboard.o
 .comment       0x0000000000000035       0x36 kernel/tty.o
 .comment       0x0000000000000035       0x36 kernel/console.o
 .comment       0x0000000000000035       0x36 kernel/i8259.o
 .comment       0x0000000000000035       0x36 kernel/global.o
 .comment       0x0000000000000035       0x36 kernel/protect.o
 .comment       0x0000000000000035       0x36 kernel/proc.o
 .comment       0x0000000000000035       0x36 kernel/systask.o
 .comment       0x0000000000000035       0x36 kernel/hd.o
 .comment       0x0000000000000035       0x36 kernel/klib.o
 .comment       0x0000000000000035       0x36 kernel/welcome.o
 .comment       0x0000000000000035       0x36 lib/syslog.o
 .comment       0x0000000000000035       0x36 mm/main.o
 .comment       0x0000000000000035       0x36 mm/forkexit.o
 .comment       0x0000000000000035       0x36 mm/exec.o
 .comment       0x0000000000000035       0x36 fs/main.o
 .comment       0x0000000000000035       0x36 fs/open.o
 .comment       0x0000000000000035       0x36 fs/misc.o
 .comment       0x0000000000000035       0x36 fs/read_write.o
 .comment       0x0000000000000035       0x36 fs/link.o
 .comment       0x0000000000000035       0x36 fs/disklog.o
 .comment       0x0000000000000035       0x36 lib/orangescrt.a(printf.o)
 .comment       0x0000000000000035       0x36 lib/orangescrt.a(vsprintf.o)
 .comment       0x0000000000000035       0x36 lib/orangescrt.a(misc.o)
 .comment       0x0000000000000035       0x36 lib/orangescrt.a(open.o)
 .comment       0x0000000000000035       0x36 lib/orangescrt.a(read.o)
 .comment       0x0000000000000035       0x36 lib/orangescrt.a(write.o)
 .comment       0x0000000000000035       0x36 lib/orangescrt.a(close.o)
 .comment       0x0000000000000035       0x36 lib/orangescrt.a(unlink.o)
 .comment       0x0000000000000035       0x36 lib/orangescrt.a(lseek.o)
 .comment       0x0000000000000035       0x36 lib/orangescrt.a(getpid.o)
 .comment       0x0000000000000035       0x36 lib/orangescrt.a(stat.o)
 .comment       0x0000000000000035       0x36 lib/orangescrt.a(fork.o)
 .comment       0x0000000000000035       0x36 lib/orangescrt.a(wait.o)
 .comment       0x0000000000000035       0x36 lib/orangescrt.a(exec.o)

.debug
 *(.debug)

.line
 *(.line)

.debug_srcinfo
 *(.debug_srcinfo)

.debug_sfnames
 *(.debug_sfnames)

.debug_aranges
 *(.debug_aranges)

.debug_pubnames
 *(.debug_pubnames)

.debug_info
 *(.debug_info .gnu.linkonce.wi.*)

.debug_abbrev
 *(.debug_abbrev)

.debug_line
 *(.debug_line .debug_line.* .debug_line_end)

.debug_frame
 *(.debug_frame)

.debug_str
 *(.debug_str)

.debug_loc
 *(.debug_loc)

.debug_macinfo
 *(.debug_macinfo)

.debug_weaknames
 *(.debug_weaknames)

.debug_funcnames
 *(.debug_funcnames)

.debug_typenames
 *(.debug_typenames)

.debug_varnames
 *(.debug_varnames)

.debug_pubtypes
 *(.debug_pubtypes)

.debug_ranges
 *(.debug_ranges)

.debug_macro
 *(.debug_macro)

.gnu.attributes
 *(.gnu.attributes)

/DISCARD/
 *(.note.GNU-stack)
 *(.gnu_debuglink)
 *(.gnu.lto_*)
OUTPUT(kernel.bin elf32-i386)
